    1C
    1U2D plate with hole - plate_002                                    
    1UUSER                                                              
    1UDATE              05.september.2026                               
    1UTIME              00:31:04                                        
    1UHOST                                                              
    1UPGM               CalculiX                                        
    1UVERSION           Version 2.21                             
    1UCOMPILETIME       Sat Jul 29 10:52:01 CEST 2023                    
    1UDIR                                                               
    1UDBN                                                               
    1UMAT    1STEEL                                                     
    2C                           296                                     1
 -1         1 1.17822E+02 2.80803E+01 0.00000E+00
 -1         2 0.00000E+00 0.00000E+00 0.00000E+00
 -1         3 1.37215E+02 0.00000E+00 0.00000E+00
 -1         4 0.00000E+00 6.55229E+01 0.00000E+00
 -1         5 1.37215E+02 6.55229E+01 0.00000E+00
 -1         6 1.17505E+02 3.04898E+01 0.00000E+00
 -1         7 1.16575E+02 3.27351E+01 0.00000E+00
 -1         8 1.15095E+02 3.46633E+01 0.00000E+00
 -1         9 1.13167E+02 3.61427E+01 0.00000E+00
 -1        10 1.10922E+02 3.70728E+01 0.00000E+00
 -1        11 1.08512E+02 3.73900E+01 0.00000E+00
 -1        12 1.06103E+02 3.70728E+01 0.00000E+00
 -1        13 1.03858E+02 3.61427E+01 0.00000E+00
 -1        14 1.01929E+02 3.46633E+01 0.00000E+00
 -1        15 1.00450E+02 3.27351E+01 0.00000E+00
 -1        16 9.95199E+01 3.04898E+01 0.00000E+00
 -1        17 9.92026E+01 2.80803E+01 0.00000E+00
 -1        18 9.95199E+01 2.56707E+01 0.00000E+00
 -1        19 1.00450E+02 2.34254E+01 0.00000E+00
 -1        20 1.01929E+02 2.14973E+01 0.00000E+00
 -1        21 1.03858E+02 2.00178E+01 0.00000E+00
 -1        22 1.06103E+02 1.90878E+01 0.00000E+00
 -1        23 1.08512E+02 1.87705E+01 0.00000E+00
 -1        24 1.10922E+02 1.90878E+01 0.00000E+00
 -1        25 1.13167E+02 2.00178E+01 0.00000E+00
 -1        26 1.15095E+02 2.14973E+01 0.00000E+00
 -1        27 1.16575E+02 2.34254E+01 0.00000E+00
 -1        28 1.17505E+02 2.56707E+01 0.00000E+00
 -1        29 7.62305E+00 0.00000E+00 0.00000E+00
 -1        30 1.52461E+01 0.00000E+00 0.00000E+00
 -1        31 2.28692E+01 0.00000E+00 0.00000E+00
 -1        32 3.04922E+01 0.00000E+00 0.00000E+00
 -1        33 3.81153E+01 0.00000E+00 0.00000E+00
 -1        34 4.57383E+01 0.00000E+00 0.00000E+00
 -1        35 5.33614E+01 0.00000E+00 0.00000E+00
 -1        36 6.09844E+01 0.00000E+00 0.00000E+00
 -1        37 6.86075E+01 0.00000E+00 0.00000E+00
 -1        38 7.62306E+01 0.00000E+00 0.00000E+00
 -1        39 8.38536E+01 0.00000E+00 0.00000E+00
 -1        40 9.14767E+01 0.00000E+00 0.00000E+00
 -1        41 9.90997E+01 0.00000E+00 0.00000E+00
 -1        42 1.06723E+02 0.00000E+00 0.00000E+00
 -1        43 1.14346E+02 0.00000E+00 0.00000E+00
 -1        44 1.21969E+02 0.00000E+00 0.00000E+00
 -1        45 1.29592E+02 0.00000E+00 0.00000E+00
 -1        46 0.00000E+00 5.82426E+01 0.00000E+00
 -1        47 0.00000E+00 5.09622E+01 0.00000E+00
 -1        48 0.00000E+00 4.36819E+01 0.00000E+00
 -1        49 0.00000E+00 3.64016E+01 0.00000E+00
 -1        50 0.00000E+00 2.91213E+01 0.00000E+00
 -1        51 0.00000E+00 2.18410E+01 0.00000E+00
 -1        52 0.00000E+00 1.45606E+01 0.00000E+00
 -1        53 0.00000E+00 7.28032E+00 0.00000E+00
 -1        54 1.37215E+02 7.28032E+00 0.00000E+00
 -1        55 1.37215E+02 1.45606E+01 0.00000E+00
 -1        56 1.37215E+02 2.18410E+01 0.00000E+00
 -1        57 1.37215E+02 2.91213E+01 0.00000E+00
 -1        58 1.37215E+02 3.64016E+01 0.00000E+00
 -1        59 1.37215E+02 4.36819E+01 0.00000E+00
 -1        60 1.37215E+02 5.09622E+01 0.00000E+00
 -1        61 1.37215E+02 5.82426E+01 0.00000E+00
 -1        62 1.29592E+02 6.55229E+01 0.00000E+00
 -1        63 1.21969E+02 6.55229E+01 0.00000E+00
 -1        64 1.14346E+02 6.55229E+01 0.00000E+00
 -1        65 1.06723E+02 6.55229E+01 0.00000E+00
 -1        66 9.90997E+01 6.55229E+01 0.00000E+00
 -1        67 9.14767E+01 6.55229E+01 0.00000E+00
 -1        68 8.38536E+01 6.55229E+01 0.00000E+00
 -1        69 7.62306E+01 6.55229E+01 0.00000E+00
 -1        70 6.86075E+01 6.55229E+01 0.00000E+00
 -1        71 6.09844E+01 6.55229E+01 0.00000E+00
 -1        72 5.33614E+01 6.55229E+01 0.00000E+00
 -1        73 4.57383E+01 6.55229E+01 0.00000E+00
 -1        74 3.81153E+01 6.55229E+01 0.00000E+00
 -1        75 3.04922E+01 6.55229E+01 0.00000E+00
 -1        76 2.28692E+01 6.55229E+01 0.00000E+00
 -1        77 1.52461E+01 6.55229E+01 0.00000E+00
 -1        78 7.62305E+00 6.55229E+01 0.00000E+00
 -1        79 9.72867E+01 2.92448E+01 0.00000E+00
 -1        80 6.40589E+01 5.92660E+01 0.00000E+00
 -1        81 9.95025E+01 3.49477E+01 0.00000E+00
 -1        82 6.91246E+00 3.33266E+01 0.00000E+00
 -1        83 4.22078E+01 5.91171E+01 0.00000E+00
 -1        84 7.23562E+01 8.20732E+00 0.00000E+00
 -1        85 9.80404E+01 2.37426E+01 0.00000E+00
 -1        86 4.85294E+01 6.42256E+00 0.00000E+00
 -1        87 1.12814E+02 3.85606E+01 0.00000E+00
 -1        88 1.04299E+02 3.86146E+01 0.00000E+00
 -1        89 8.76102E+01 5.92199E+01 0.00000E+00
 -1        90 1.17597E+02 3.48767E+01 0.00000E+00
 -1        91 1.17576E+02 2.14458E+01 0.00000E+00
 -1        92 2.66592E+01 6.80105E+00 0.00000E+00
 -1        93 1.01960E+02 1.89460E+01 0.00000E+00
 -1        94 2.66807E+01 5.89211E+01 0.00000E+00
 -1        95 1.20099E+02 2.67014E+01 0.00000E+00
 -1        96 1.12882E+02 1.76282E+01 0.00000E+00
 -1        97 1.30045E+02 4.70033E+01 0.00000E+00
 -1        98 8.76651E+01 6.60176E+00 0.00000E+00
 -1        99 1.10463E+02 5.88575E+01 0.00000E+00
 -1       100 1.06599E+02 1.67017E+01 0.00000E+00
 -1       101 6.79488E+00 4.72111E+01 0.00000E+00
 -1       102 6.44644E+00 1.77517E+01 0.00000E+00
 -1       103 1.29570E+02 1.84082E+01 0.00000E+00
 -1       104 1.32089E+02 3.23171E+01 0.00000E+00
 -1       105 1.16815E+02 6.91150E+00 0.00000E+00
 -1       106 1.03019E+02 6.22648E+00 0.00000E+00
 -1       107 1.25804E+02 5.94744E+01 0.00000E+00
 -1       108 1.16210E+01 6.73980E+00 0.00000E+00
 -1       109 1.17902E+01 5.90857E+01 0.00000E+00
 -1       110 9.82319E+01 3.34454E+01 0.00000E+00
 -1       111 9.67817E+01 3.53667E+01 0.00000E+00
 -1       112 9.91430E+01 3.78573E+01 0.00000E+00
 -1       113 9.52709E+01 3.78325E+01 0.00000E+00
 -1       114 9.74358E+01 4.20026E+01 0.00000E+00
 -1       115 9.28331E+01 3.44279E+01 0.00000E+00
 -1       116 9.01962E+01 4.01940E+01 0.00000E+00
 -1       117 8.62039E+01 3.40072E+01 0.00000E+00
 -1       118 8.22069E+01 4.03824E+01 0.00000E+00
 -1       119 7.85240E+01 3.34271E+01 0.00000E+00
 -1       120 7.45082E+01 4.04903E+01 0.00000E+00
 -1       121 7.06777E+01 3.32865E+01 0.00000E+00
 -1       122 6.65763E+01 4.05036E+01 0.00000E+00
 -1       123 6.26456E+01 3.35325E+01 0.00000E+00
 -1       124 5.85742E+01 4.05555E+01 0.00000E+00
 -1       125 5.45577E+01 3.36422E+01 0.00000E+00
 -1       126 5.86238E+01 2.66580E+01 0.00000E+00
 -1       127 5.05406E+01 2.67316E+01 0.00000E+00
 -1       128 4.65428E+01 3.36783E+01 0.00000E+00
 -1       129 4.25242E+01 2.67622E+01 0.00000E+00
 -1       130 3.85376E+01 3.37017E+01 0.00000E+00
 -1       131 3.45206E+01 2.67836E+01 0.00000E+00
 -1       132 3.05361E+01 3.37215E+01 0.00000E+00
 -1       133 2.65198E+01 2.68028E+01 0.00000E+00
 -1       134 8.29575E+01 2.69687E+01 0.00000E+00
 -1       135 3.45521E+01 4.06405E+01 0.00000E+00
 -1       136 2.65518E+01 4.06593E+01 0.00000E+00
 -1       137 3.85044E+01 1.98463E+01 0.00000E+00
 -1       138 7.84480E+01 4.70236E+01 0.00000E+00
 -1       139 5.45247E+01 1.99441E+01 0.00000E+00
 -1       140 6.25034E+01 1.97914E+01 0.00000E+00
 -1       141 9.22739E+01 4.61893E+01 0.00000E+00
 -1       142 9.79495E+01 4.81531E+01 0.00000E+00
 -1       143 9.03214E+01 2.88719E+01 0.00000E+00
 -1       144 8.84206E+01 2.24784E+01 0.00000E+00
 -1       145 8.04395E+01 1.97385E+01 0.00000E+00
 -1       146 9.85676E+01 2.16866E+01 0.00000E+00
 -1       147 9.61669E+01 2.18277E+01 0.00000E+00
 -1       148 9.72793E+01 1.93376E+01 0.00000E+00
 -1       149 1.14912E+02 1.81395E+01 0.00000E+00
 -1       150 1.14496E+02 1.60126E+01 0.00000E+00
 -1       151 1.12104E+02 1.48272E+01 0.00000E+00
 -1       152 1.17393E+02 1.65016E+01 0.00000E+00
 -1       153 1.18984E+02 2.37426E+01 0.00000E+00
 -1       154 1.20616E+02 2.09118E+01 0.00000E+00
 -1       155 1.21896E+02 2.36867E+01 0.00000E+00
 -1       156 1.23591E+02 2.65065E+01 0.00000E+00
 -1       157 1.18945E+02 3.24527E+01 0.00000E+00
 -1       158 1.19996E+02 3.49257E+01 0.00000E+00
 -1       159 1.19009E+02 3.74744E+01 0.00000E+00
 -1       160 1.22445E+02 3.70978E+01 0.00000E+00
 -1       161 1.20725E+02 4.11000E+01 0.00000E+00
 -1       162 1.21669E+02 3.30158E+01 0.00000E+00
 -1       163 1.04075E+02 1.76539E+01 0.00000E+00
 -1       164 1.02138E+02 1.63915E+01 0.00000E+00
 -1       165 1.04229E+02 1.46461E+01 0.00000E+00
 -1       166 1.07217E+02 1.35398E+01 0.00000E+00
 -1       167 9.74029E+01 2.65800E+01 0.00000E+00
 -1       168 1.11016E+02 3.96349E+01 0.00000E+00
 -1       169 1.12378E+02 4.10564E+01 0.00000E+00
 -1       170 1.10198E+02 4.21762E+01 0.00000E+00
 -1       171 1.12812E+02 4.43601E+01 0.00000E+00
 -1       172 1.08255E+02 4.64133E+01 0.00000E+00
 -1       173 1.06708E+02 3.91829E+01 0.00000E+00
 -1       174 1.04763E+02 4.08594E+01 0.00000E+00
 -1       175 3.05671E+01 4.72505E+01 0.00000E+00
 -1       176 2.25669E+01 4.72144E+01 0.00000E+00
 -1       177 1.85623E+01 4.06080E+01 0.00000E+00
 -1       178 3.85670E+01 4.71839E+01 0.00000E+00
 -1       179 5.93206E+01 1.32900E+01 0.00000E+00
 -1       180 6.25679E+01 4.75040E+01 0.00000E+00
 -1       181 5.45710E+01 4.72114E+01 0.00000E+00
 -1       182 1.15325E+02 4.00969E+01 0.00000E+00
 -1       183 1.13179E+02 5.03307E+01 0.00000E+00
 -1       184 1.00689E+02 1.28031E+01 0.00000E+00
 -1       185 7.53699E+01 2.62275E+01 0.00000E+00
 -1       186 7.21439E+01 1.78462E+01 0.00000E+00
 -1       187 1.26377E+02 2.38359E+01 0.00000E+00
 -1       188 1.19767E+02 2.98190E+01 0.00000E+00
 -1       189 9.53540E+01 2.48053E+01 0.00000E+00
 -1       190 3.45614E+01 5.43767E+01 0.00000E+00
 -1       191 1.48082E+01 4.71903E+01 0.00000E+00
 -1       192 1.90297E+01 5.40792E+01 0.00000E+00
 -1       193 1.25943E+02 4.10194E+01 0.00000E+00
 -1       194 7.05627E+01 4.70937E+01 0.00000E+00
 -1       195 7.52643E+01 5.32230E+01 0.00000E+00
 -1       196 6.70131E+01 2.64242E+01 0.00000E+00
 -1       197 5.05609E+01 4.05419E+01 0.00000E+00
 -1       198 4.65690E+01 4.70952E+01 0.00000E+00
 -1       199 5.01757E+01 5.40141E+01 0.00000E+00
 -1       200 4.65118E+01 1.99960E+01 0.00000E+00
 -1       201 4.34082E+01 1.31466E+01 0.00000E+00
 -1       202 3.44874E+01 1.29282E+01 0.00000E+00
 -1       203 3.05042E+01 2.00141E+01 0.00000E+00
 -1       204 2.25040E+01 2.00577E+01 0.00000E+00
 -1       205 1.88046E+01 2.70141E+01 0.00000E+00
 -1       206 1.38133E+01 2.06995E+01 0.00000E+00
 -1       207 1.85860E+01 1.28582E+01 0.00000E+00
 -1       208 4.25533E+01 4.05465E+01 0.00000E+00
 -1       209 2.25851E+01 3.37608E+01 0.00000E+00
 -1       210 1.49515E+01 3.38651E+01 0.00000E+00
 -1       211 1.15169E+02 1.28133E+01 0.00000E+00
 -1       212 1.10846E+02 1.10289E+01 0.00000E+00
 -1       213 1.20389E+02 1.24427E+01 0.00000E+00
 -1       214 1.25506E+02 6.94330E+00 0.00000E+00
 -1       215 1.22827E+02 1.68857E+01 0.00000E+00
 -1       216 9.28095E+01 1.84677E+01 0.00000E+00
 -1       217 9.62785E+01 1.47685E+01 0.00000E+00
 -1       218 9.59977E+01 8.24762E+00 0.00000E+00
 -1       219 1.11219E+01 4.03738E+01 0.00000E+00
 -1       220 1.02899E+02 5.94535E+01 0.00000E+00
 -1       221 6.45593E+01 6.69329E+00 0.00000E+00
 -1       222 8.06603E+01 7.00231E+00 0.00000E+00
 -1       223 5.61184E+01 5.95881E+01 0.00000E+00
 -1       224 1.18157E+02 5.89211E+01 0.00000E+00
 -1       225 1.22392E+02 5.17781E+01 0.00000E+00
 -1       226 9.52771E+01 5.95857E+01 0.00000E+00
 -1       227 1.02071E+02 3.78800E+01 0.00000E+00
 -1       228 1.01816E+02 4.02048E+01 0.00000E+00
 -1       229 1.03186E+02 4.40151E+01 0.00000E+00
 -1       230 1.16270E+02 3.69263E+01 0.00000E+00
 -1       231 1.09336E+02 1.61709E+01 0.00000E+00
 -1       232 6.56686E+00 2.50936E+01 0.00000E+00
 -1       233 9.47512E+01 2.78386E+01 0.00000E+00
 -1       234 8.60836E+01 1.41579E+01 0.00000E+00
 -1       235 7.98170E+01 5.94569E+01 0.00000E+00
 -1       236 1.31890E+02 2.55289E+01 0.00000E+00
 -1       237 5.95344E+00 5.46024E+01 0.00000E+00
 -1       238 5.95344E+00 1.09205E+01 0.00000E+00
 -1       239 1.31262E+02 5.46024E+01 0.00000E+00
 -1       240 1.06089E+02 1.04764E+01 0.00000E+00
 -1       241 9.47231E+01 3.09696E+01 0.00000E+00
 -1       242 1.31363E+02 1.09205E+01 0.00000E+00
 -1       243 8.29604E+01 5.30959E+01 0.00000E+00
 -1       244 5.62074E+01 6.69803E+00 0.00000E+00
 -1       245 1.89963E+01 5.27980E+00 0.00000E+00
 -1       246 1.06723E+02 5.32601E+01 0.00000E+00
 -1       247 6.61767E+01 1.31656E+01 0.00000E+00
 -1       248 4.10960E+01 6.25848E+00 0.00000E+00
 -1       249 3.41700E+01 5.19754E+00 0.00000E+00
 -1       250 5.14170E+01 1.32495E+01 0.00000E+00
 -1       251 2.65482E+01 1.45318E+01 0.00000E+00
 -1       252 1.18048E+02 4.56913E+01 0.00000E+00
 -1       253 9.14752E+01 5.28131E+01 0.00000E+00
 -1       254 7.83367E+01 1.33905E+01 0.00000E+00
 -1       255 1.09895E+02 5.44243E+00 0.00000E+00
 -1       256 1.27138E+02 2.87078E+01 0.00000E+00
 -1       257 1.26221E+02 3.43919E+01 0.00000E+00
 -1       258 1.15939E+01 1.37991E+01 0.00000E+00
 -1       259 7.20835E+01 5.98157E+01 0.00000E+00
 -1       260 1.23081E+02 2.98571E+01 0.00000E+00
 -1       261 8.57146E+01 4.65562E+01 0.00000E+00
 -1       262 6.67450E+01 5.28028E+01 0.00000E+00
 -1       263 1.24257E+02 2.07457E+01 0.00000E+00
 -1       264 5.88144E+01 5.30083E+01 0.00000E+00
 -1       265 1.31902E+02 3.95796E+01 0.00000E+00
 -1       266 4.95203E+01 6.07530E+01 0.00000E+00
 -1       267 4.24162E+01 5.23574E+01 0.00000E+00
 -1       268 3.44115E+01 6.06921E+01 0.00000E+00
 -1       269 2.66812E+01 5.23684E+01 0.00000E+00
 -1       270 1.22098E+01 2.79998E+01 0.00000E+00
 -1       271 1.90576E+01 6.06794E+01 0.00000E+00
 -1       272 4.89040E+00 4.01541E+01 0.00000E+00
 -1       273 1.23551E+02 4.56508E+01 0.00000E+00
 -1       274 1.07341E+02 4.18686E+01 0.00000E+00
 -1       275 9.95279E+01 1.76144E+01 0.00000E+00
 -1       276 1.18723E+02 1.92424E+01 0.00000E+00
 -1       277 9.17669E+01 1.24487E+01 0.00000E+00
 -1       278 1.03043E+02 4.92957E+01 0.00000E+00
 -1       279 9.62599E+01 3.29568E+01 0.00000E+00
 -1       280 1.16896E+01 5.25712E+01 0.00000E+00
 -1       281 9.24015E+01 2.55108E+01 0.00000E+00
 -1       282 5.33802E+00 6.02844E+01 0.00000E+00
 -1       283 1.31877E+02 6.02844E+01 0.00000E+00
 -1       284 5.12479E+00 5.05966E+00 0.00000E+00
 -1       285 1.31883E+02 5.23229E+00 0.00000E+00
 -1       286 1.09876E+02 1.38917E+01 0.00000E+00
 -1       287 9.77868E+01 3.15282E+01 0.00000E+00
 -1       288 1.01103E+02 3.62180E+01 0.00000E+00
 -1       289 1.16127E+02 2.00261E+01 0.00000E+00
 -1       290 1.00274E+02 2.04480E+01 0.00000E+00
 -1       291 1.10960E+02 1.72974E+01 0.00000E+00
 -1       292 1.14321E+02 3.75203E+01 0.00000E+00
 -1       293 1.08973E+02 3.93612E+01 0.00000E+00
 -1       294 9.93351E+01 5.41896E+01 0.00000E+00
 -1       295 1.26313E+02 1.31049E+01 0.00000E+00
 -1       296 9.30305E+01 2.26180E+01 0.00000E+00
 -3
    3C                           514                                     1
 -1         1    7    0    1
 -2       186       196       140
 -1         2    7    0    1
 -2        95       260       188
 -1         3    7    0    1
 -2        41       218        40
 -1         4    7    0    1
 -2       186       247        84
 -1         5    7    0    1
 -2        84       254       186
 -1         6    7    0    1
 -2        40       218        98
 -1         7    7    0    1
 -2       114       116       113
 -1         8    7    0    1
 -2       227       228       112
 -1         9    7    0    1
 -2       182       230       159
 -1        10    7    0    1
 -2       183       252       225
 -1        11    7    0    1
 -2        97       239       225
 -1        12    7    0    1
 -2       185       196       186
 -1        13    7    0    1
 -2       234       277       216
 -1        14    7    0    1
 -2       144       234       216
 -1        15    7    0    1
 -2       183       225       224
 -1        16    7    0    1
 -2        92       251       207
 -1        17    7    0    1
 -2       183       224        99
 -1        18    7    0    1
 -2       207       245        92
 -1        19    7    0    1
 -2       121       185       119
 -1        20    7    0    1
 -2       140       247       186
 -1        21    7    0    1
 -2       179       250       244
 -1        22    7    0    1
 -2       225       273        97
 -1        23    7    0    1
 -2       244       250        86
 -1        24    7    0    1
 -2       240       255       212
 -1        25    7    0    1
 -2       143       241       115
 -1        26    7    0    1
 -2       202       248       201
 -1        27    7    0    1
 -2       202       249       248
 -1        28    7    0    1
 -2        45       214        44
 -1        29    7    0    1
 -2       202       251        92
 -1        30    7    0    1
 -2       206       232       102
 -1        31    7    0    1
 -2       161       182       159
 -1        32    7    0    1
 -2       211       212       105
 -1        33    7    0    1
 -2        92       249       202
 -1        34    7    0    1
 -2       153       155        95
 -1        35    7    0    1
 -2       157       188       162
 -1        36    7    0    1
 -2       163       165       100
 -1        37    7    0    1
 -2       169       182       171
 -1        38    7    0    1
 -2       166       240       212
 -1        39    7    0    1
 -2       121       196       185
 -1        40    7    0    1
 -2       103       263       215
 -1        41    7    0    1
 -2       206       270       232
 -1        42    7    0    1
 -2       162       260       257
 -1        43    7    0    1
 -2       166       231       100
 -1        44    7    0    1
 -2        91       153        27
 -1        45    7    0    1
 -2         7       157        90
 -1        46    7    0    1
 -2        18       167        85
 -1        47    7    0    1
 -2        79       167        17
 -1        48    7    0    1
 -2        12       173        88
 -1        49    7    0    1
 -2        93       163        21
 -1        50    7    0    1
 -2        95       188         1
 -1        51    7    0    1
 -2        22       163       100
 -1        52    7    0    1
 -2        28       153        95
 -1        53    7    0    1
 -2         6       188       157
 -1        54    7    0    1
 -2        98       234       222
 -1        55    7    0    1
 -2       234       254       222
 -1        56    7    0    1
 -2        83       267       199
 -1        57    7    0    1
 -2       150       211       152
 -1        58    7    0    1
 -2       187       263       103
 -1        59    7    0    1
 -2       106       218        41
 -1        60    7    0    1
 -2       259       262       195
 -1        61    7    0    1
 -2       252       273       225
 -1        62    7    0    1
 -2       225       239       107
 -1        63    7    0    1
 -2       119       185       134
 -1        64    7    0    1
 -2       210       219        82
 -1        65    7    0    1
 -2       199       266        83
 -1        66    7    0    1
 -2        86       250       201
 -1        67    7    0    1
 -2        80       262       259
 -1        68    7    0    1
 -2       184       275       217
 -1        69    7    0    1
 -2       229       274       172
 -1        70    7    0    1
 -2        25       289        26
 -1        71    7    0    1
 -2        13       288        14
 -1        72    7    0    1
 -2        15       287        16
 -1        73    7    0    1
 -2        23       291        24
 -1        74    7    0    1
 -2         8       292         9
 -1        75    7    0    1
 -2        10       293        11
 -1        76    7    0    1
 -2        19       290        20
 -1        77    7    0    1
 -2       108       245       207
 -1        78    7    0    1
 -2       126       196       123
 -1        79    7    0    1
 -2       114       229       142
 -1        80    7    0    1
 -2       201       248        86
 -1        81    7    0    1
 -2       149       289        25
 -1        82    7    0    1
 -2       110       287        15
 -1        83    7    0    1
 -2       227       288        13
 -1        84    7    0    1
 -2       230       292         8
 -1        85    7    0    1
 -2       168       293        10
 -1        86    7    0    1
 -2       231       291        23
 -1        87    7    0    1
 -2       146       290        19
 -1        88    7    0    1
 -2       156       260        95
 -1        89    7    0    1
 -2       207       258       108
 -1        90    7    0    1
 -2        84       247       221
 -1        91    7    0    1
 -2       154       276       215
 -1        92    7    0    1
 -2       114       141       116
 -1        93    7    0    1
 -2       134       143       117
 -1        94    7    0    1
 -2       138       243       195
 -1        95    7    0    1
 -2       192       269        94
 -1        96    7    0    1
 -2       140       196       126
 -1        97    7    0    1
 -2       123       196       121
 -1        98    7    0    1
 -2       212       255       105
 -1        99    7    0    1
 -2       228       229       114
 -1       100    7    0    1
 -2       218       277        98
 -1       101    7    0    1
 -2       243       261       253
 -1       102    7    0    1
 -2       221       247       179
 -1       103    7    0    1
 -2       134       144       143
 -1       104    7    0    1
 -2        94       269       190
 -1       105    7    0    1
 -2       164       275       184
 -1       106    7    0    1
 -2       174       274       229
 -1       107    7    0    1
 -2       106       255       240
 -1       108    7    0    1
 -2       101       219       191
 -1       109    7    0    1
 -2       158       162       160
 -1       110    7    0    1
 -2        94       271       192
 -1       111    7    0    1
 -2       112       228       114
 -1       112    7    0    1
 -2        45       285       214
 -1       113    7    0    1
 -2       117       143       115
 -1       114    7    0    1
 -2       122       194       180
 -1       115    7    0    1
 -2       120       194       122
 -1       116    7    0    1
 -2       195       243       235
 -1       117    7    0    1
 -2       179       244       221
 -1       118    7    0    1
 -2       178       208       198
 -1       119    7    0    1
 -2       198       208       197
 -1       120    7    0    1
 -2       125       197       128
 -1       121    7    0    1
 -2       197       208       128
 -1       122    7    0    1
 -2       124       197       125
 -1       123    7    0    1
 -2       130       208       135
 -1       124    7    0    1
 -2       135       208       178
 -1       125    7    0    1
 -2       128       208       130
 -1       126    7    0    1
 -2       137       200       129
 -1       127    7    0    1
 -2       137       201       200
 -1       128    7    0    1
 -2       129       200       127
 -1       129    7    0    1
 -2       137       202       201
 -1       130    7    0    1
 -2       133       203       131
 -1       131    7    0    1
 -2       133       204       203
 -1       132    7    0    1
 -2       131       203       137
 -1       133    7    0    1
 -2       137       203       202
 -1       134    7    0    1
 -2       133       205       204
 -1       135    7    0    1
 -2       205       206       204
 -1       136    7    0    1
 -2       206       207       204
 -1       137    7    0    1
 -2       133       209       205
 -1       138    7    0    1
 -2       176       192       191
 -1       139    7    0    1
 -2       176       191       177
 -1       140    7    0    1
 -2       178       190       175
 -1       141    7    0    1
 -2       176       177       136
 -1       142    7    0    1
 -2       175       176       136
 -1       143    7    0    1
 -2       135       178       175
 -1       144    7    0    1
 -2       135       175       136
 -1       145    7    0    1
 -2       135       136       132
 -1       146    7    0    1
 -2       130       135       132
 -1       147    7    0    1
 -2       132       133       131
 -1       148    7    0    1
 -2       130       132       131
 -1       149    7    0    1
 -2       131       137       129
 -1       150    7    0    1
 -2       132       209       133
 -1       151    7    0    1
 -2       177       209       136
 -1       152    7    0    1
 -2       130       131       129
 -1       153    7    0    1
 -2       136       209       132
 -1       154    7    0    1
 -2       177       210       209
 -1       155    7    0    1
 -2       128       130       129
 -1       156    7    0    1
 -2       139       179       140
 -1       157    7    0    1
 -2       209       210       205
 -1       158    7    0    1
 -2       127       200       139
 -1       159    7    0    1
 -2       181       199       198
 -1       160    7    0    1
 -2       128       129       127
 -1       161    7    0    1
 -2       139       140       126
 -1       162    7    0    1
 -2       127       139       126
 -1       163    7    0    1
 -2       125       128       127
 -1       164    7    0    1
 -2       181       198       197
 -1       165    7    0    1
 -2       125       127       126
 -1       166    7    0    1
 -2       181       197       124
 -1       167    7    0    1
 -2       125       126       123
 -1       168    7    0    1
 -2       180       181       124
 -1       169    7    0    1
 -2       124       125       123
 -1       170    7    0    1
 -2       122       180       124
 -1       171    7    0    1
 -2       122       124       123
 -1       172    7    0    1
 -2       138       195       194
 -1       173    7    0    1
 -2       122       123       121
 -1       174    7    0    1
 -2       120       122       121
 -1       175    7    0    1
 -2       138       194       120
 -1       176    7    0    1
 -2       118       138       120
 -1       177    7    0    1
 -2       120       121       119
 -1       178    7    0    1
 -2       253       261       141
 -1       179    7    0    1
 -2        44       214       105
 -1       180    7    0    1
 -2       185       186       145
 -1       181    7    0    1
 -2       191       219       177
 -1       182    7    0    1
 -2       190       268        94
 -1       183    7    0    1
 -2        80       264       262
 -1       184    7    0    1
 -2       177       219       210
 -1       185    7    0    1
 -2       119       134       117
 -1       186    7    0    1
 -2       118       120       119
 -1       187    7    0    1
 -2       257       260       256
 -1       188    7    0    1
 -2        24        96        25
 -1       189    7    0    1
 -2        28        95         1
 -1       190    7    0    1
 -2        12        88        13
 -1       191    7    0    1
 -2        20        93        21
 -1       192    7    0    1
 -2        11       173        12
 -1       193    7    0    1
 -2        18        85        19
 -1       194    7    0    1
 -2         1       188         6
 -1       195    7    0    1
 -2        17       167        18
 -1       196    7    0    1
 -2         9        87        10
 -1       197    7    0    1
 -2        16        79        17
 -1       198    7    0    1
 -2        21       163        22
 -1       199    7    0    1
 -2        26        91        27
 -1       200    7    0    1
 -2         7        90         8
 -1       201    7    0    1
 -2        22       100        23
 -1       202    7    0    1
 -2         6       157         7
 -1       203    7    0    1
 -2        14        81        15
 -1       204    7    0    1
 -2        27       153        28
 -1       205    7    0    1
 -2       134       185       145
 -1       206    7    0    1
 -2       103       236       187
 -1       207    7    0    1
 -2        81       110        15
 -1       208    7    0    1
 -2       100       231        23
 -1       209    7    0    1
 -2        85       146        19
 -1       210    7    0    1
 -2        90       230         8
 -1       211    7    0    1
 -2        96       149        25
 -1       212    7    0    1
 -2        88       227        13
 -1       213    7    0    1
 -2        87       168        10
 -1       214    7    0    1
 -2       144       281       143
 -1       215    7    0    1
 -2       215       276       152
 -1       216    7    0    1
 -2        99       246       183
 -1       217    7    0    1
 -2       190       267        83
 -1       218    7    0    1
 -2        63       107        62
 -1       219    7    0    1
 -2        65        99        64
 -1       220    7    0    1
 -2        66       220        65
 -1       221    7    0    1
 -2        68        89        67
 -1       222    7    0    1
 -2        71        80        70
 -1       223    7    0    1
 -2        74        83        73
 -1       224    7    0    1
 -2        76        94        75
 -1       225    7    0    1
 -2        32        92        31
 -1       226    7    0    1
 -2        38        84        37
 -1       227    7    0    1
 -2        40        98        39
 -1       228    7    0    1
 -2        37       221        36
 -1       229    7    0    1
 -2        44       105        43
 -1       230    7    0    1
 -2        30       108        29
 -1       231    7    0    1
 -2        78       109        77
 -1       232    7    0    1
 -2        72       223        71
 -1       233    7    0    1
 -2        39       222        38
 -1       234    7    0    1
 -2        35        86        34
 -1       235    7    0    1
 -2        64       224        63
 -1       236    7    0    1
 -2        67       226        66
 -1       237    7    0    1
 -2        42       106        41
 -1       238    7    0    1
 -2       223       264        80
 -1       239    7    0    1
 -2       116       261       118
 -1       240    7    0    1
 -2       219       272        82
 -1       241    7    0    1
 -2       118       119       117
 -1       242    7    0    1
 -2       224       225       107
 -1       243    7    0    1
 -2       152       289       149
 -1       244    7    0    1
 -2       170       293       168
 -1       245    7    0    1
 -2       257       265       193
 -1       246    7    0    1
 -2       148       290       146
 -1       247    7    0    1
 -2       201       250       200
 -1       248    7    0    1
 -2       139       250       179
 -1       249    7    0    1
 -2       203       251       202
 -1       250    7    0    1
 -2       207       251       204
 -1       251    7    0    1
 -2       233       241       143
 -1       252    7    0    1
 -2       179       247       140
 -1       253    7    0    1
 -2       114       142       141
 -1       254    7    0    1
 -2       165       166       100
 -1       255    7    0    1
 -2        93       164       163
 -1       256    7    0    1
 -2       173       174        88
 -1       257    7    0    1
 -2       155       156        95
 -1       258    7    0    1
 -2        91       154       153
 -1       259    7    0    1
 -2       157       158        90
 -1       260    7    0    1
 -2       104       265       257
 -1       261    7    0    1
 -2       167       189        85
 -1       262    7    0    1
 -2       141       261       116
 -1       263    7    0    1
 -2       145       234       144
 -1       264    7    0    1
 -2        79       233       167
 -1       265    7    0    1
 -2        56       103        55
 -1       266    7    0    1
 -2        58       104        57
 -1       267    7    0    1
 -2        51       232        50
 -1       268    7    0    1
 -2        60        97        59
 -1       269    7    0    1
 -2        50        82        49
 -1       270    7    0    1
 -2        52       102        51
 -1       271    7    0    1
 -2        48       101        47
 -1       272    7    0    1
 -2        99       224        64
 -1       273    7    0    1
 -2        89       226        67
 -1       274    7    0    1
 -2        98       222        39
 -1       275    7    0    1
 -2        38       222        84
 -1       276    7    0    1
 -2        63       224       107
 -1       277    7    0    1
 -2        66       226       220
 -1       278    7    0    1
 -2        71       223        80
 -1       279    7    0    1
 -2        84       221        37
 -1       280    7    0    1
 -2        65       220        99
 -1       281    7    0    1
 -2       145       254       234
 -1       282    7    0    1
 -2       171       252       183
 -1       283    7    0    1
 -2        83       268       190
 -1       284    7    0    1
 -2       195       262       194
 -1       285    7    0    1
 -2       112       288       227
 -1       286    7    0    1
 -2       182       292       230
 -1       287    7    0    1
 -2       151       291       231
 -1       288    7    0    1
 -2       222       254        84
 -1       289    7    0    1
 -2       215       295       103
 -1       290    7    0    1
 -2       167       233       189
 -1       291    7    0    1
 -2       134       145       144
 -1       292    7    0    1
 -2       181       264       199
 -1       293    7    0    1
 -2       199       267       198
 -1       294    7    0    1
 -2       178       267       190
 -1       295    7    0    1
 -2       190       269       175
 -1       296    7    0    1
 -2       176       269       192
 -1       297    7    0    1
 -2       205       270       206
 -1       298    7    0    1
 -2       199       264       223
 -1       299    7    0    1
 -2        69       235        68
 -1       300    7    0    1
 -2        88       228       227
 -1       301    7    0    1
 -2        68       235        89
 -1       302    7    0    1
 -2       159       230        90
 -1       303    7    0    1
 -2       192       271       109
 -1       304    7    0    1
 -2       221       244        36
 -1       305    7    0    1
 -2        35       244        86
 -1       306    7    0    1
 -2        92       245        31
 -1       307    7    0    1
 -2        30       245       108
 -1       308    7    0    1
 -2        82       270       210
 -1       309    7    0    1
 -2        86       248        34
 -1       310    7    0    1
 -2        32       249        92
 -1       311    7    0    1
 -2        61       239        60
 -1       312    7    0    1
 -2        47       237        46
 -1       313    7    0    1
 -2        53       238        52
 -1       314    7    0    1
 -2       200       250       139
 -1       315    7    0    1
 -2       204       251       203
 -1       316    7    0    1
 -2        79       287       241
 -1       317    7    0    1
 -2       191       280       101
 -1       318    7    0    1
 -2       102       258       206
 -1       319    7    0    1
 -2        50       232        82
 -1       320    7    0    1
 -2       102       232        51
 -1       321    7    0    1
 -2        36       244        35
 -1       322    7    0    1
 -2        31       245        30
 -1       323    7    0    1
 -2        34       248        33
 -1       324    7    0    1
 -2        33       249        32
 -1       325    7    0    1
 -2        55       242        54
 -1       326    7    0    1
 -2       161       252       182
 -1       327    7    0    1
 -2       106       240       184
 -1       328    7    0    1
 -2       188       260       162
 -1       329    7    0    1
 -2        80       259        70
 -1       330    7    0    1
 -2       243       253        89
 -1       331    7    0    1
 -2       235       243        89
 -1       332    7    0    1
 -2       223       266       199
 -1       333    7    0    1
 -2        83       266        73
 -1       334    7    0    1
 -2        72       266       223
 -1       335    7    0    1
 -2        94       268        75
 -1       336    7    0    1
 -2        74       268        83
 -1       337    7    0    1
 -2        76       271        94
 -1       338    7    0    1
 -2       109       271        77
 -1       339    7    0    1
 -2       101       237        47
 -1       340    7    0    1
 -2        52       238       102
 -1       341    7    0    1
 -2        60       239        97
 -1       342    7    0    1
 -2         4       282        78
 -1       343    7    0    1
 -2        62       283         5
 -1       344    7    0    1
 -2        29       284         2
 -1       345    7    0    1
 -2         3       285        45
 -1       346    7    0    1
 -2       217       275       148
 -1       347    7    0    1
 -2       172       274       170
 -1       348    7    0    1
 -2       184       218       106
 -1       349    7    0    1
 -2       105       255        43
 -1       350    7    0    1
 -2        42       255       106
 -1       351    7    0    1
 -2       109       280       192
 -1       352    7    0    1
 -2       103       242        55
 -1       353    7    0    1
 -2        46       282         4
 -1       354    7    0    1
 -2         5       283        61
 -1       355    7    0    1
 -2         2       284        53
 -1       356    7    0    1
 -2        54       285         3
 -1       357    7    0    1
 -2       248       249        33
 -1       358    7    0    1
 -2       182       252       171
 -1       359    7    0    1
 -2       142       253       141
 -1       360    7    0    1
 -2       212       286       166
 -1       361    7    0    1
 -2       211       213       152
 -1       362    7    0    1
 -2       217       218       184
 -1       363    7    0    1
 -2       142       294       253
 -1       364    7    0    1
 -2        69       259       235
 -1       365    7    0    1
 -2       116       118       117
 -1       366    7    0    1
 -2       186       254       145
 -1       367    7    0    1
 -2       166       286       231
 -1       368    7    0    1
 -2       105       213       211
 -1       369    7    0    1
 -2       104       236        57
 -1       370    7    0    1
 -2        56       236       103
 -1       371    7    0    1
 -2       144       296       281
 -1       372    7    0    1
 -2       101       272       219
 -1       373    7    0    1
 -2       162       257       160
 -1       374    7    0    1
 -2       105       214       213
 -1       375    7    0    1
 -2       213       215       152
 -1       376    7    0    1
 -2       256       260       156
 -1       377    7    0    1
 -2        58       265       104
 -1       378    7    0    1
 -2        97       265        59
 -1       379    7    0    1
 -2       206       258       207
 -1       380    7    0    1
 -2        82       272        49
 -1       381    7    0    1
 -2        48       272       101
 -1       382    7    0    1
 -2       232       270        82
 -1       383    7    0    1
 -2       235       259       195
 -1       384    7    0    1
 -2       194       262       180
 -1       385    7    0    1
 -2       118       261       138
 -1       386    7    0    1
 -2       160       257       193
 -1       387    7    0    1
 -2        89       253       226
 -1       388    7    0    1
 -2       192       280       191
 -1       389    7    0    1
 -2       115       279       111
 -1       390    7    0    1
 -2       173       293       274
 -1       391    7    0    1
 -2        93       290       275
 -1       392    7    0    1
 -2        57       236        56
 -1       393    7    0    1
 -2        81       288       112
 -1       394    7    0    1
 -2       262       264       180
 -1       395    7    0    1
 -2       215       263       154
 -1       396    7    0    1
 -2        87       292       182
 -1       397    7    0    1
 -2        96       291       151
 -1       398    7    0    1
 -2       101       280       237
 -1       399    7    0    1
 -2       180       264       181
 -1       400    7    0    1
 -2       220       246        99
 -1       401    7    0    1
 -2        70       259        69
 -1       402    7    0    1
 -2       274       293       170
 -1       403    7    0    1
 -2       275       290       148
 -1       404    7    0    1
 -2       198       267       178
 -1       405    7    0    1
 -2       175       269       176
 -1       406    7    0    1
 -2       210       270       205
 -1       407    7    0    1
 -2       193       265        97
 -1       408    7    0    1
 -2       276       289       152
 -1       409    7    0    1
 -2       161       273       252
 -1       410    7    0    1
 -2       246       294       278
 -1       411    7    0    1
 -2       183       246       172
 -1       412    7    0    1
 -2        73       266        72
 -1       413    7    0    1
 -2       238       258       102
 -1       414    7    0    1
 -2        75       268        74
 -1       415    7    0    1
 -2       216       296       144
 -1       416    7    0    1
 -2        77       271        76
 -1       417    7    0    1
 -2        59       265        58
 -1       418    7    0    1
 -2       241       279       115
 -1       419    7    0    1
 -2       253       294       226
 -1       420    7    0    1
 -2       108       258       238
 -1       421    7    0    1
 -2       229       278       142
 -1       422    7    0    1
 -2        43       255        42
 -1       423    7    0    1
 -2        49       272        48
 -1       424    7    0    1
 -2       220       294       246
 -1       425    7    0    1
 -2        97       273       193
 -1       426    7    0    1
 -2        87       169       168
 -1       427    7    0    1
 -2        85       147       146
 -1       428    7    0    1
 -2        96       150       149
 -1       429    7    0    1
 -2        81       111       110
 -1       430    7    0    1
 -2       214       295       213
 -1       431    7    0    1
 -2       138       261       243
 -1       432    7    0    1
 -2       157       162       158
 -1       433    7    0    1
 -2       154       155       153
 -1       434    7    0    1
 -2       174       228        88
 -1       435    7    0    1
 -2       164       165       163
 -1       436    7    0    1
 -2        79       241       233
 -1       437    7    0    1
 -2       158       159        90
 -1       438    7    0    1
 -2       213       295       215
 -1       439    7    0    1
 -2        78       282       109
 -1       440    7    0    1
 -2       108       284        29
 -1       441    7    0    1
 -2       107       283        62
 -1       442    7    0    1
 -2       241       287       279
 -1       443    7    0    1
 -2        14       288        81
 -1       444    7    0    1
 -2        24       291        96
 -1       445    7    0    1
 -2        16       287        79
 -1       446    7    0    1
 -2        20       290        93
 -1       447    7    0    1
 -2        11       293       173
 -1       448    7    0    1
 -2         9       292        87
 -1       449    7    0    1
 -2        26       289        91
 -1       450    7    0    1
 -2        81       112       111
 -1       451    7    0    1
 -2        87       182       169
 -1       452    7    0    1
 -2        96       151       150
 -1       453    7    0    1
 -2        85       189       147
 -1       454    7    0    1
 -2       116       117       115
 -1       455    7    0    1
 -2       104       256       236
 -1       456    7    0    1
 -2       231       286       151
 -1       457    7    0    1
 -2       278       294       142
 -1       458    7    0    1
 -2       214       285       242
 -1       459    7    0    1
 -2       233       281       189
 -1       460    7    0    1
 -2        98       277       234
 -1       461    7    0    1
 -2       113       115       111
 -1       462    7    0    1
 -2       226       294       220
 -1       463    7    0    1
 -2       172       278       229
 -1       464    7    0    1
 -2       143       281       233
 -1       465    7    0    1
 -2        91       289       276
 -1       466    7    0    1
 -2       165       240       166
 -1       467    7    0    1
 -2       151       286       212
 -1       468    7    0    1
 -2       150       152       149
 -1       469    7    0    1
 -2       169       170       168
 -1       470    7    0    1
 -2       147       148       146
 -1       471    7    0    1
 -2       189       296       147
 -1       472    7    0    1
 -2       103       295       242
 -1       473    7    0    1
 -2       236       256       187
 -1       474    7    0    1
 -2       112       114       113
 -1       475    7    0    1
 -2       151       212       211
 -1       476    7    0    1
 -2       187       256       156
 -1       477    7    0    1
 -2       154       263       155
 -1       478    7    0    1
 -2       237       282        46
 -1       479    7    0    1
 -2        61       283       239
 -1       480    7    0    1
 -2        53       284       238
 -1       481    7    0    1
 -2       171       183       172
 -1       482    7    0    1
 -2       160       161       159
 -1       483    7    0    1
 -2       237       280       109
 -1       484    7    0    1
 -2       242       285        54
 -1       485    7    0    1
 -2       216       217       148
 -1       486    7    0    1
 -2       171       172       170
 -1       487    7    0    1
 -2       109       282       237
 -1       488    7    0    1
 -2       238       284       108
 -1       489    7    0    1
 -2       239       283       107
 -1       490    7    0    1
 -2       160       193       161
 -1       491    7    0    1
 -2        93       275       164
 -1       492    7    0    1
 -2       173       274       174
 -1       493    7    0    1
 -2       155       187       156
 -1       494    7    0    1
 -2       246       278       172
 -1       495    7    0    1
 -2        91       276       154
 -1       496    7    0    1
 -2       112       113       111
 -1       497    7    0    1
 -2       104       257       256
 -1       498    7    0    1
 -2       151       211       150
 -1       499    7    0    1
 -2       113       116       115
 -1       500    7    0    1
 -2       164       184       165
 -1       501    7    0    1
 -2       174       229       228
 -1       502    7    0    1
 -2       158       160       159
 -1       503    7    0    1
 -2       217       277       218
 -1       504    7    0    1
 -2       147       216       148
 -1       505    7    0    1
 -2       169       171       170
 -1       506    7    0    1
 -2       193       273       161
 -1       507    7    0    1
 -2       184       240       165
 -1       508    7    0    1
 -2       155       263       187
 -1       509    7    0    1
 -2       242       295       214
 -1       510    7    0    1
 -2       147       296       216
 -1       511    7    0    1
 -2       279       287       110
 -1       512    7    0    1
 -2       111       279       110
 -1       513    7    0    1
 -2       281       296       189
 -1       514    7    0    1
 -2       216       277       217
 -3
    1PSTEP                         1           1           1          
  100CL  101 1.000000000         296                     0    1           1
 -4  DISP        4    1
 -5  D1          1    2    1    0
 -5  D2          1    2    2    0
 -5  D3          1    2    3    0
 -5  ALL         1    2    0    0    1ALL
 -1         1 2.39698E-03 8.48529E-05 0.00000E+00
 -1         2 0.00000E+00 0.00000E+00 0.00000E+00
 -1         3 2.30639E-03 1.24018E-04 0.00000E+00
 -1         4 0.00000E+00 0.00000E+00 0.00000E+00
 -1         5 2.18691E-03 1.60420E-06 0.00000E+00
 -1         6 2.37523E-03 3.73741E-05 0.00000E+00
 -1         7 2.31566E-03-1.07288E-05 0.00000E+00
 -1         8 2.22281E-03-5.53870E-05 0.00000E+00
 -1         9 2.11287E-03-8.92540E-05 0.00000E+00
 -1        10 1.98685E-03-1.17148E-04 0.00000E+00
 -1        11 1.86166E-03-1.22919E-04 0.00000E+00
 -1        12 1.73506E-03-1.18318E-04 0.00000E+00
 -1        13 1.62059E-03-1.01199E-04 0.00000E+00
 -1        14 1.51673E-03-6.98472E-05 0.00000E+00
 -1        15 1.44079E-03-3.39664E-05 0.00000E+00
 -1        16 1.39286E-03 5.62572E-06 0.00000E+00
 -1        17 1.37709E-03 4.91334E-05 0.00000E+00
 -1        18 1.39357E-03 9.62429E-05 0.00000E+00
 -1        19 1.44277E-03 1.42591E-04 0.00000E+00
 -1        20 1.52270E-03 1.89345E-04 0.00000E+00
 -1        21 1.62364E-03 2.27972E-04 0.00000E+00
 -1        22 1.74223E-03 2.58693E-04 0.00000E+00
 -1        23 1.86739E-03 2.79548E-04 0.00000E+00
 -1        24 1.99971E-03 2.68280E-04 0.00000E+00
 -1        25 2.12153E-03 2.52819E-04 0.00000E+00
 -1        26 2.23631E-03 2.18171E-04 0.00000E+00
 -1        27 2.32318E-03 1.77618E-04 0.00000E+00
 -1        28 2.37877E-03 1.30786E-04 0.00000E+00
 -1        29 1.44680E-04 8.21190E-05 0.00000E+00
 -1        30 2.62879E-04 1.19216E-04 0.00000E+00
 -1        31 3.76918E-04 1.39879E-04 0.00000E+00
 -1        32 4.92664E-04 1.49622E-04 0.00000E+00
 -1        33 6.10248E-04 1.53007E-04 0.00000E+00
 -1        34 7.30965E-04 1.52934E-04 0.00000E+00
 -1        35 8.55331E-04 1.50670E-04 0.00000E+00
 -1        36 9.84523E-04 1.48000E-04 0.00000E+00
 -1        37 1.12062E-03 1.48063E-04 0.00000E+00
 -1        38 1.26396E-03 1.55380E-04 0.00000E+00
 -1        39 1.41848E-03 1.77200E-04 0.00000E+00
 -1        40 1.57893E-03 2.26162E-04 0.00000E+00
 -1        41 1.72981E-03 2.96251E-04 0.00000E+00
 -1        42 1.84725E-03 3.52191E-04 0.00000E+00
 -1        43 1.94361E-03 3.44436E-04 0.00000E+00
 -1        44 2.05781E-03 2.84211E-04 0.00000E+00
 -1        45 2.18319E-03 2.02914E-04 0.00000E+00
 -1        46 0.00000E+00 0.00000E+00 0.00000E+00
 -1        47 0.00000E+00 0.00000E+00 0.00000E+00
 -1        48 0.00000E+00 0.00000E+00 0.00000E+00
 -1        49 0.00000E+00 0.00000E+00 0.00000E+00
 -1        50 0.00000E+00 0.00000E+00 0.00000E+00
 -1        51 0.00000E+00 0.00000E+00 0.00000E+00
 -1        52 0.00000E+00 0.00000E+00 0.00000E+00
 -1        53 0.00000E+00 0.00000E+00 0.00000E+00
 -1        54 2.38575E-03 8.85468E-05 0.00000E+00
 -1        55 2.47810E-03 6.33981E-05 0.00000E+00
 -1        56 2.55685E-03 6.30591E-05 0.00000E+00
 -1        57 2.58216E-03 1.01278E-04 0.00000E+00
 -1        58 2.52384E-03 1.30377E-04 0.00000E+00
 -1        59 2.42599E-03 1.19509E-04 0.00000E+00
 -1        60 2.33410E-03 8.05056E-05 0.00000E+00
 -1        61 2.25687E-03 3.85298E-05 0.00000E+00
 -1        62 2.06584E-03-7.53895E-05 0.00000E+00
 -1        63 1.95222E-03-1.51950E-04 0.00000E+00
 -1        64 1.84879E-03-2.09794E-04 0.00000E+00
 -1        65 1.75078E-03-2.34414E-04 0.00000E+00
 -1        66 1.64567E-03-2.26765E-04 0.00000E+00
 -1        67 1.52410E-03-2.01040E-04 0.00000E+00
 -1        68 1.38937E-03-1.74153E-04 0.00000E+00
 -1        69 1.25023E-03-1.56791E-04 0.00000E+00
 -1        70 1.11348E-03-1.50295E-04 0.00000E+00
 -1        71 9.81713E-04-1.49661E-04 0.00000E+00
 -1        72 8.54267E-04-1.51398E-04 0.00000E+00
 -1        73 7.30557E-04-1.53426E-04 0.00000E+00
 -1        74 6.09934E-04-1.53068E-04 0.00000E+00
 -1        75 4.92496E-04-1.49646E-04 0.00000E+00
 -1        76 3.76780E-04-1.39901E-04 0.00000E+00
 -1        77 2.62908E-04-1.19324E-04 0.00000E+00
 -1        78 1.44609E-04-8.20443E-05 0.00000E+00
 -1        79 1.37297E-03 3.93393E-05 0.00000E+00
 -1        80 1.03067E-03-1.17550E-04 0.00000E+00
 -1        81 1.49956E-03-2.68923E-05 0.00000E+00
 -1        82 9.76034E-05-5.55304E-07 0.00000E+00
 -1        83 6.71924E-04-1.23035E-04 0.00000E+00
 -1        84 1.17089E-03 1.06138E-04 0.00000E+00
 -1        85 1.42038E-03 9.04703E-05 0.00000E+00
 -1        86 7.74343E-04 1.21120E-04 0.00000E+00
 -1        87 2.01184E-03-1.08204E-04 0.00000E+00
 -1        88 1.70850E-03-1.18737E-04 0.00000E+00
 -1        89 1.44122E-03-1.51716E-04 0.00000E+00
 -1        90 2.24941E-03 2.66777E-06 0.00000E+00
 -1        91 2.26507E-03 1.65307E-04 0.00000E+00
 -1        92 4.24207E-04 1.14416E-04 0.00000E+00
 -1        93 1.61960E-03 1.98871E-04 0.00000E+00
 -1        94 4.24751E-04-1.15379E-04 0.00000E+00
 -1        95 2.40343E-03 9.42752E-05 0.00000E+00
 -1        96 2.03101E-03 2.69558E-04 0.00000E+00
 -1        97 2.26046E-03 2.68142E-05 0.00000E+00
 -1        98 1.46027E-03 1.54765E-04 0.00000E+00
 -1        99 1.82162E-03-2.00881E-04 0.00000E+00
 -1       100 1.80737E-03 2.84567E-04 0.00000E+00
 -1       101 9.70843E-05-2.11291E-05 0.00000E+00
 -1       102 9.24471E-05 2.09932E-05 0.00000E+00
 -1       103 2.40713E-03 1.08160E-04 0.00000E+00
 -1       104 2.49630E-03 9.37312E-05 0.00000E+00
 -1       105 2.01942E-03 2.94862E-04 0.00000E+00
 -1       106 1.76835E-03 3.00807E-04 0.00000E+00
 -1       107 2.06139E-03-8.56947E-05 0.00000E+00
 -1       108 1.83015E-04 7.39001E-05 0.00000E+00
 -1       109 1.86455E-04-7.58989E-05 0.00000E+00
 -1       110 1.44495E-03 4.02830E-07 0.00000E+00
 -1       111 1.46632E-03-4.00983E-06 0.00000E+00
 -1       112 1.56215E-03-4.68430E-05 0.00000E+00
 -1       113 1.48030E-03-2.09561E-05 0.00000E+00
 -1       114 1.57842E-03-7.24948E-05 0.00000E+00
 -1       115 1.39466E-03 1.63410E-05 0.00000E+00
 -1       116 1.41376E-03-2.04526E-05 0.00000E+00
 -1       117 1.30658E-03 1.64683E-05 0.00000E+00
 -1       118 1.28267E-03-1.98862E-05 0.00000E+00
 -1       119 1.20430E-03 8.55857E-06 0.00000E+00
 -1       120 1.16426E-03-2.40463E-05 0.00000E+00
 -1       121 1.09388E-03 3.56721E-06 0.00000E+00
 -1       122 1.04280E-03-2.77550E-05 0.00000E+00
 -1       123 9.75515E-04-3.75001E-07 0.00000E+00
 -1       124 9.18620E-04-3.11599E-05 0.00000E+00
 -1       125 8.51713E-04-2.52772E-06 0.00000E+00
 -1       126 9.15230E-04 2.68261E-05 0.00000E+00
 -1       127 7.89778E-04 2.71196E-05 0.00000E+00
 -1       128 7.25547E-04-3.57272E-06 0.00000E+00
 -1       129 6.62231E-04 2.75423E-05 0.00000E+00
 -1       130 5.97092E-04-4.06022E-06 0.00000E+00
 -1       131 5.32971E-04 2.70603E-05 0.00000E+00
 -1       132 4.67473E-04-4.10542E-06 0.00000E+00
 -1       133 4.03198E-04 2.49281E-05 0.00000E+00
 -1       134 1.25560E-03 3.49710E-05 0.00000E+00
 -1       135 5.34577E-04-3.54526E-05 0.00000E+00
 -1       136 4.04830E-04-3.29753E-05 0.00000E+00
 -1       137 6.01334E-04 5.93571E-05 0.00000E+00
 -1       138 1.24729E-03-5.68944E-05 0.00000E+00
 -1       139 8.57782E-04 5.59549E-05 0.00000E+00
 -1       140 9.82793E-04 5.43266E-05 0.00000E+00
 -1       141 1.49591E-03-8.12066E-05 0.00000E+00
 -1       142 1.61987E-03-1.27639E-04 0.00000E+00
 -1       143 1.32994E-03 3.97738E-05 0.00000E+00
 -1       144 1.33854E-03 5.68775E-05 0.00000E+00
 -1       145 1.24766E-03 5.77828E-05 0.00000E+00
 -1       146 1.47866E-03 1.15186E-04 0.00000E+00
 -1       147 1.44317E-03 8.62933E-05 0.00000E+00
 -1       148 1.51261E-03 1.20593E-04 0.00000E+00
 -1       149 2.10478E-03 2.34090E-04 0.00000E+00
 -1       150 2.04779E-03 2.56331E-04 0.00000E+00
 -1       151 1.96741E-03 2.91583E-04 0.00000E+00
 -1       152 2.12880E-03 2.14055E-04 0.00000E+00
 -1       153 2.34889E-03 1.25814E-04 0.00000E+00
 -1       154 2.29985E-03 1.34882E-04 0.00000E+00
 -1       155 2.37534E-03 1.07413E-04 0.00000E+00
 -1       156 2.41988E-03 9.34426E-05 0.00000E+00
 -1       157 2.34125E-03 4.44553E-05 0.00000E+00
 -1       158 2.28709E-03 3.50730E-05 0.00000E+00
 -1       159 2.19881E-03-2.50809E-07 0.00000E+00
 -1       160 2.27836E-03 3.70446E-05 0.00000E+00
 -1       161 2.16079E-03-1.65766E-05 0.00000E+00
 -1       162 2.35542E-03 6.21861E-05 0.00000E+00
 -1       163 1.71120E-03 2.44867E-04 0.00000E+00
 -1       164 1.68027E-03 2.22598E-04 0.00000E+00
 -1       165 1.75917E-03 2.67020E-04 0.00000E+00
 -1       166 1.83946E-03 3.01281E-04 0.00000E+00
 -1       167 1.37433E-03 6.13600E-05 0.00000E+00
 -1       168 1.93643E-03-1.29077E-04 0.00000E+00
 -1       169 1.95839E-03-1.23027E-04 0.00000E+00
 -1       170 1.88970E-03-1.46691E-04 0.00000E+00
 -1       171 1.93452E-03-1.34833E-04 0.00000E+00
 -1       172 1.82902E-03-1.65356E-04 0.00000E+00
 -1       173 1.79429E-03-1.40124E-04 0.00000E+00
 -1       174 1.74730E-03-1.35024E-04 0.00000E+00
 -1       175 4.74034E-04-6.43377E-05 0.00000E+00
 -1       176 3.44541E-04-5.69960E-05 0.00000E+00
 -1       177 2.76591E-04-2.64876E-05 0.00000E+00
 -1       178 6.03862E-04-6.62500E-05 0.00000E+00
 -1       179 9.42696E-04 8.36480E-05 0.00000E+00
 -1       180 9.90586E-04-6.07623E-05 0.00000E+00
 -1       181 8.62062E-04-6.26473E-05 0.00000E+00
 -1       182 2.04717E-03-7.91273E-05 0.00000E+00
 -1       183 1.90547E-03-1.56044E-04 0.00000E+00
 -1       184 1.68923E-03 2.33180E-04 0.00000E+00
 -1       185 1.15930E-03 3.15722E-05 0.00000E+00
 -1       186 1.13355E-03 6.16530E-05 0.00000E+00
 -1       187 2.42724E-03 1.00020E-04 0.00000E+00
 -1       188 2.39529E-03 7.25391E-05 0.00000E+00
 -1       189 1.38476E-03 6.21546E-05 0.00000E+00
 -1       190 5.45174E-04-9.96661E-05 0.00000E+00
 -1       191 2.20258E-04-4.30364E-05 0.00000E+00
 -1       192 2.94174E-04-7.95829E-05 0.00000E+00
 -1       193 2.27179E-03 3.11260E-05 0.00000E+00
 -1       194 1.11823E-03-5.64783E-05 0.00000E+00
 -1       195 1.21055E-03-8.90461E-05 0.00000E+00
 -1       196 1.04067E-03 2.79109E-05 0.00000E+00
 -1       197 7.92221E-04-3.36387E-05 0.00000E+00
 -1       198 7.33121E-04-6.49006E-05 0.00000E+00
 -1       199 7.97154E-04-9.65280E-05 0.00000E+00
 -1       200 7.30202E-04 5.79079E-05 0.00000E+00
 -1       201 6.86030E-04 9.05025E-05 0.00000E+00
 -1       202 5.42127E-04 9.12946E-05 0.00000E+00
 -1       203 4.71413E-04 5.65344E-05 0.00000E+00
 -1       204 3.42050E-04 4.98245E-05 0.00000E+00
 -1       205 2.79142E-04 1.96039E-05 0.00000E+00
 -1       206 2.02866E-04 3.33464E-05 0.00000E+00
 -1       207 2.85077E-04 7.23444E-05 0.00000E+00
 -1       208 6.64000E-04-3.51867E-05 0.00000E+00
 -1       209 3.39102E-04-3.72598E-06 0.00000E+00
 -1       210 2.18872E-04-2.61431E-06 0.00000E+00
 -1       211 2.02502E-03 2.71635E-04 0.00000E+00
 -1       212 1.91899E-03 3.13673E-04 0.00000E+00
 -1       213 2.14049E-03 2.20123E-04 0.00000E+00
 -1       214 2.18314E-03 2.08318E-04 0.00000E+00
 -1       215 2.26030E-03 1.54832E-04 0.00000E+00
 -1       216 1.44473E-03 9.34131E-05 0.00000E+00
 -1       217 1.56516E-03 1.56481E-04 0.00000E+00
 -1       218 1.61777E-03 2.11425E-04 0.00000E+00
 -1       219 1.60405E-04-1.66925E-05 0.00000E+00
 -1       220 1.70282E-03-2.08025E-04 0.00000E+00
 -1       221 1.03978E-03 1.13125E-04 0.00000E+00
 -1       222 1.32433E-03 1.23405E-04 0.00000E+00
 -1       223 8.98444E-04-1.21259E-04 0.00000E+00
 -1       224 1.94243E-03-1.55964E-04 0.00000E+00
 -1       225 2.06737E-03-7.99699E-05 0.00000E+00
 -1       226 1.57696E-03-1.84815E-04 0.00000E+00
 -1       227 1.63025E-03-8.39222E-05 0.00000E+00
 -1       228 1.66450E-03-1.00212E-04 0.00000E+00
 -1       229 1.72298E-03-1.40054E-04 0.00000E+00
 -1       230 2.15269E-03-3.82192E-05 0.00000E+00
 -1       231 1.89750E-03 2.97318E-04 0.00000E+00
 -1       232 9.33430E-05 9.88978E-06 0.00000E+00
 -1       233 1.35966E-03 4.69445E-05 0.00000E+00
 -1       234 1.37493E-03 9.71286E-05 0.00000E+00
 -1       235 1.30298E-03-1.29720E-04 0.00000E+00
 -1       236 2.51244E-03 8.97460E-05 0.00000E+00
 -1       237 8.73136E-05-2.97635E-05 0.00000E+00
 -1       238 8.72957E-05 2.98444E-05 0.00000E+00
 -1       239 2.19487E-03-3.76922E-06 0.00000E+00
 -1       240 1.81944E-03 3.05794E-04 0.00000E+00
 -1       241 1.37753E-03 3.26316E-05 0.00000E+00
 -1       242 2.33471E-03 1.29134E-04 0.00000E+00
 -1       243 1.34424E-03-9.93496E-05 0.00000E+00
 -1       244 9.00026E-04 1.16420E-04 0.00000E+00
 -1       245 3.05556E-04 1.07000E-04 0.00000E+00
 -1       246 1.77947E-03-1.86792E-04 0.00000E+00
 -1       247 1.05349E-03 8.13471E-05 0.00000E+00
 -1       248 6.54493E-04 1.23590E-04 0.00000E+00
 -1       249 5.45017E-04 1.27411E-04 0.00000E+00
 -1       250 8.15268E-04 8.74678E-05 0.00000E+00
 -1       251 4.12075E-04 7.82295E-05 0.00000E+00
 -1       252 2.03678E-03-8.61710E-05 0.00000E+00
 -1       253 1.50035E-03-1.27610E-04 0.00000E+00
 -1       254 1.25035E-03 8.55325E-05 0.00000E+00
 -1       255 1.89105E-03 3.37275E-04 0.00000E+00
 -1       256 2.45789E-03 8.85605E-05 0.00000E+00
 -1       257 2.39109E-03 7.23116E-05 0.00000E+00
 -1       258 1.73229E-04 4.79657E-05 0.00000E+00
 -1       259 1.16830E-03-1.21872E-04 0.00000E+00
 -1       260 2.41267E-03 8.11242E-05 0.00000E+00
 -1       261 1.37119E-03-6.23383E-05 0.00000E+00
 -1       262 1.06690E-03-8.49339E-05 0.00000E+00
 -1       263 2.35631E-03 1.19064E-04 0.00000E+00
 -1       264 9.36839E-04-8.82118E-05 0.00000E+00
 -1       265 2.40006E-03 7.98009E-05 0.00000E+00
 -1       266 7.90881E-04-1.29310E-04 0.00000E+00
 -1       267 6.70315E-04-9.05275E-05 0.00000E+00
 -1       268 5.48957E-04-1.29367E-04 0.00000E+00
 -1       269 4.15894E-04-8.45673E-05 0.00000E+00
 -1       270 1.76822E-04 1.19819E-05 0.00000E+00
 -1       271 3.07585E-04-1.09263E-04 0.00000E+00
 -1       272 6.90120E-05-7.46938E-06 0.00000E+00
 -1       273 2.15366E-03-2.63043E-05 0.00000E+00
 -1       274 1.81840E-03-1.52381E-04 0.00000E+00
 -1       275 1.59574E-03 1.70389E-04 0.00000E+00
 -1       276 2.22371E-03 1.71253E-04 0.00000E+00
 -1       277 1.49535E-03 1.39595E-04 0.00000E+00
 -1       278 1.72064E-03-1.62571E-04 0.00000E+00
 -1       279 1.41453E-03 1.75209E-05 0.00000E+00
 -1       280 1.75093E-04-5.12485E-05 0.00000E+00
 -1       281 1.35849E-03 5.12222E-05 0.00000E+00
 -1       282 8.33521E-05-3.91144E-05 0.00000E+00
 -1       283 2.15125E-03-2.62686E-05 0.00000E+00
 -1       284 8.00997E-05 3.77733E-05 0.00000E+00
 -1       285 2.27438E-03 1.53325E-04 0.00000E+00
 -1       286 1.90588E-03 3.02616E-04 0.00000E+00
 -1       287 1.40165E-03 1.95790E-05 0.00000E+00
 -1       288 1.56290E-03-5.97928E-05 0.00000E+00
 -1       289 2.18877E-03 2.01661E-04 0.00000E+00
 -1       290 1.53894E-03 1.54854E-04 0.00000E+00
 -1       291 1.96106E-03 2.86174E-04 0.00000E+00
 -1       292 2.08782E-03-7.63233E-05 0.00000E+00
 -1       293 1.87229E-03-1.43154E-04 0.00000E+00
 -1       294 1.64745E-03-1.71927E-04 0.00000E+00
 -1       295 2.27255E-03 1.59566E-04 0.00000E+00
 -1       296 1.39327E-03 6.78609E-05 0.00000E+00
 -3
    1PSTEP                         2           1           1          
  100CL  101 1.000000000         296                     0    1           1
 -4  STRESS      6    1
 -5  SXX         1    4    1    1
 -5  SYY         1    4    2    2
 -5  SZZ         1    4    3    3
 -5  SXY         1    4    1    2
 -5  SYZ         1    4    2    3
 -5  SZX         1    4    3    1
 -1         1-1.15065E-02-3.14345E+00-3.12715E-01-2.28456E-02-7.72386E-16-2.26208E-15
 -1         2 3.88753E+00 8.13890E-01 3.13693E-02 5.95700E-01-1.90820E-17 3.81639E-17
 -1         3 3.45061E+00 3.44226E-03-2.85526E-03 2.52603E-02-1.84488E-15 3.27386E-15
 -1         4 3.88242E+00 8.06308E-01 3.04135E-02-5.92492E-01 5.72459E-17 3.46945E-17
 -1         5 3.34331E+00-5.18186E-02-9.20340E-04 5.30063E-02 2.51361E-15 5.46785E-15
 -1         6 3.74615E-01-2.57163E+00-2.73456E-01-1.45090E-01 7.77156E-16-2.44249E-15
 -1         7 1.63579E+00-1.08963E+00-1.30713E-01-7.19243E-01-7.77156E-16-3.67761E-16
 -1         8 4.06099E+00 4.39399E-01 5.37977E-02-1.54172E+00-3.23352E-15-4.85723E-15
 -1         9 6.75477E+00 1.02296E+00 1.38182E-01-1.93335E+00-2.88940E-17-1.88738E-15
 -1        10 8.65875E+00 1.26969E+00 2.66524E-01-1.15104E+00 5.82867E-16 4.26048E-15
 -1        11 9.93429E+00 9.24774E-01 3.37754E-01 1.12968E-01 2.08167E-16 5.96224E-15
 -1        12 8.87809E+00 1.03156E+00 3.27454E-01 1.31140E+00-3.05311E-16 6.25888E-15
 -1        13 5.98141E+00 9.02310E-01 1.74182E-01 1.60686E+00-1.97758E-16-1.05471E-15
 -1        14 3.18132E+00 3.08342E-01 1.48357E-02 1.53146E+00 2.63678E-16 8.74301E-16
 -1        15 1.20413E+00-1.04107E+00-1.21889E-01 6.84264E-01-1.65146E-15 1.80064E-15
 -1        16 1.79028E-01-2.45494E+00-2.21453E-01 1.24579E-01-4.71845E-16-7.14706E-16
 -1        17-5.94427E-02-3.18827E+00-2.95606E-01 7.04125E-02-9.23740E-17-9.29812E-16
 -1        18 2.13881E-01-2.67640E+00-2.59794E-01 3.06772E-02-2.35922E-16-7.77156E-16
 -1        19 1.45000E+00-1.17058E+00-1.22531E-01-5.52671E-01-6.10623E-16 9.64506E-16
 -1        20 3.45706E+00 1.61327E-01 8.21455E-03-1.17811E+00-2.52576E-15-6.24500E-16
 -1        21 6.21709E+00 8.65194E-01 1.91768E-01-1.59661E+00 5.55112E-17 7.77156E-16
 -1        22 8.73772E+00 1.06579E+00 3.31666E-01-1.08390E+00 1.85962E-15 4.95437E-15
 -1        23 9.57844E+00 1.28120E+00 3.73211E-01 2.23249E-01 2.22045E-16 1.88478E-15
 -1        24 9.11003E+00 9.37350E-01 2.47539E-01 1.71119E+00-2.08167E-17 5.55112E-17
 -1        25 6.29381E+00 9.64750E-01 1.67015E-01 1.83298E+00-4.51028E-17-1.38778E-15
 -1        26 3.44184E+00 3.91394E-01 2.95538E-02 1.74204E+00-2.01228E-15 3.20577E-15
 -1        27 1.48194E+00-1.11114E+00-1.43754E-01 7.40768E-01-9.15934E-16 3.26128E-16
 -1        28 3.57809E-01-2.56991E+00-2.66992E-01 1.98255E-01-8.60423E-16 1.05471E-15
 -1        29 3.65654E+00 1.91585E-01-1.05404E-02 3.04137E-01-3.66460E-17 1.14492E-16
 -1        30 3.26544E+00 5.60146E-02-6.04315E-03 4.84004E-02-4.51028E-17 1.15793E-16
 -1        31 3.22554E+00 2.10187E-02-2.83107E-03-5.98362E-04-1.12757E-16-3.18539E-16
 -1        32 3.25362E+00 8.30258E-03-1.34537E-03-2.84002E-02-1.34007E-16-1.38127E-16
 -1        33 3.30067E+00 4.59397E-03-2.35994E-03-3.21204E-02-6.76542E-17-4.50486E-16
 -1        34 3.38195E+00 8.21259E-03-1.99206E-04-4.29427E-02-1.08420E-19-4.55148E-16
 -1        35 3.47893E+00 1.34575E-02 1.94775E-05-6.01320E-02 6.37511E-17-3.90313E-18
 -1        36 3.61550E+00 2.33520E-02 3.79756E-03-8.69286E-02-2.16840E-18-6.34909E-16
 -1        37 3.77224E+00 1.79579E-02 1.78583E-03-1.17827E-01 2.68882E-17 5.48173E-16
 -1        38 3.99985E+00-9.27721E-03 8.50057E-03-1.17228E-01 2.49800E-16 2.00621E-15
 -1        39 4.20775E+00-8.54603E-02 5.03228E-03-3.53080E-02 1.37911E-16 1.45847E-15
 -1        40 4.22871E+00-1.38829E-01 2.59387E-03 1.43703E-01 3.67111E-16 1.45890E-15
 -1        41 3.82972E+00-3.32849E-02-2.20691E-03 3.13676E-01 3.21791E-16 2.01054E-15
 -1        42 3.23536E+00 1.58502E-01-2.27305E-02 1.60603E-01 5.93275E-16 5.53377E-16
 -1        43 3.19273E+00 1.19952E-01-1.85977E-02-7.83363E-02-2.67147E-16 7.31782E-16
 -1        44 3.49872E+00-5.25050E-02-6.58477E-03-1.27675E-01-6.34909E-16-3.64075E-16
 -1        45 3.45501E+00-5.26295E-02-3.17778E-03-2.67294E-02-1.16140E-15 6.56709E-15
 -1        46 3.44346E+00 8.65686E-01-1.12932E-02-4.79337E-01 3.46945E-17-1.12757E-17
 -1        47 3.30526E+00 8.79733E-01 6.17817E-03-3.17427E-01-6.66784E-18-1.47451E-17
 -1        48 3.25170E+00 8.88451E-01 7.34605E-03-1.86905E-01-2.71051E-17 1.38778E-17
 -1        49 3.23243E+00 8.87842E-01 5.58767E-03-5.99262E-02-1.40946E-18 3.46945E-18
 -1        50 3.24224E+00 8.83807E-01 6.75864E-03 5.54097E-02 2.71051E-19 8.67362E-19
 -1        51 3.26057E+00 8.71182E-01 4.94590E-03 1.86418E-01-1.87025E-17-3.46945E-17
 -1        52 3.31075E+00 8.83570E-01 4.87684E-03 3.23632E-01-4.55365E-18-1.12757E-17
 -1        53 3.44471E+00 8.72017E-01-1.14119E-02 4.80607E-01 6.93889E-18 0.00000E+00
 -1        54 3.49866E+00 1.02909E-01-3.92809E-03 1.65695E-01-1.08637E-15 7.24247E-16
 -1        55 3.45966E+00 4.59728E-01 4.81893E-03 3.71620E-01-2.87964E-16-5.20417E-18
 -1        56 3.23788E+00 1.28796E+00 2.27340E-02 3.05292E-01-8.69964E-16 1.81452E-15
 -1        57 3.12379E+00 1.63126E+00 3.16029E-02-7.96385E-02-1.57860E-16 1.80411E-15
 -1        58 3.30416E+00 1.05220E+00 1.52722E-02-3.55529E-01-5.82867E-16-1.45717E-15
 -1        59 3.49299E+00 2.61016E-01 5.44238E-03-2.91925E-01-9.76649E-16-2.55438E-15
 -1        60 3.50340E+00-1.30556E-01-6.10011E-03-7.47241E-02-1.22298E-16-1.73472E-18
 -1        61 3.41630E+00-8.86406E-02-1.21896E-03 3.72916E-02 6.47594E-16 2.55416E-15
 -1        62 3.27153E+00-2.44824E-02 3.18742E-03 8.85822E-02 4.87457E-16 0.00000E+00
 -1        63 3.12278E+00 7.41744E-03-3.90382E-03 1.18512E-01-8.41341E-16-2.19009E-15
 -1        64 2.96813E+00 6.47611E-02-1.01864E-02 4.94653E-02-5.06539E-16-3.09887E-15
 -1        65 2.97282E+00 7.35151E-02-1.10104E-02-8.86857E-02 2.16840E-16-2.37007E-15
 -1        66 3.24070E+00 1.41573E-02-6.78966E-03-1.63094E-01 4.59702E-17 7.27716E-16
 -1        67 3.57320E+00-4.00132E-02 5.99469E-04-1.34469E-01-1.62956E-16 5.42535E-16
 -1        68 3.74733E+00-5.14808E-02 3.40249E-03-5.37554E-02 6.50521E-18-7.29018E-16
 -1        69 3.74949E+00-3.03307E-02 2.78256E-03 1.81741E-02 4.21104E-16 1.86700E-16
 -1        70 3.66167E+00-4.59835E-03 2.17877E-03 4.50176E-02-8.97719E-17 1.09027E-15
 -1        71 3.54866E+00 4.60251E-03 1.12770E-03 4.75595E-02-3.23526E-16-3.46945E-18
 -1        72 3.44983E+00 3.37176E-03-1.18803E-03 4.12007E-02-9.40749E-17-1.09526E-15
 -1        73 3.38026E+00 3.74369E-03 4.30972E-04 3.54512E-02-6.45100E-17 2.72785E-16
 -1        74 3.29693E+00 3.59446E-03-2.47440E-03 2.82901E-02 1.13841E-16-5.45137E-16
 -1        75 3.24964E+00 8.96404E-03-1.50554E-03 2.69928E-02 1.34224E-16-2.77014E-16
 -1        76 3.21973E+00 2.18648E-02-3.00956E-03-2.32390E-04 2.99240E-16 0.00000E+00
 -1        77 3.26256E+00 5.49028E-02-5.44407E-03-4.63178E-02 4.98733E-17-9.36751E-17
 -1        78 3.64164E+00 1.85737E-01-1.22130E-02-2.96189E-01 2.80158E-16-2.70617E-16
 -1        79 2.54465E-01-1.77900E+00-5.87042E-02 2.07960E-01 7.97973E-17 2.01228E-16
 -1        80 3.54408E+00 4.82449E-03-4.75823E-04 7.95244E-02-2.17057E-16 1.27237E-15
 -1        81 2.68208E+00-5.45258E-01-5.21855E-02 1.08792E+00 1.04083E-16 1.50921E-15
 -1        82 3.26703E+00 6.82559E-01-6.05054E-04-6.70339E-03-8.23994E-18-6.07153E-18
 -1        83 3.37087E+00 5.04981E-03-1.28431E-04 5.17660E-02-8.69530E-17-2.72697E-16
 -1        84 3.65355E+00 2.60830E-02 2.08863E-03-1.93439E-01 1.29671E-16 1.64441E-15
 -1        85 1.00500E+00-1.46590E+00-6.86572E-02-5.13439E-01 3.12250E-16-4.51028E-17
 -1        86 3.41739E+00 1.46316E-02-9.81900E-05-7.32523E-02 6.48488E-17 4.09557E-16
 -1        87 6.68106E+00 8.92745E-01 1.86365E-02-1.08806E+00 2.08167E-17 1.12410E-15
 -1        88 6.60164E+00 6.47236E-01 2.14066E-02 8.35821E-01 1.45717E-16 5.55112E-16
 -1        89 3.71180E+00-1.00237E-01-1.23840E-03-1.14079E-01-4.43439E-17 4.56015E-16
 -1        90 2.97285E+00-5.94239E-01-3.24206E-02-1.15763E+00-2.31759E-15-1.45890E-15
 -1        91 2.80756E+00-6.40243E-01-5.60813E-02 1.23502E+00 5.27356E-16 3.43475E-16
 -1        92 3.33522E+00 2.39043E-02-6.02082E-04-1.33648E-02-6.93889E-17-1.74231E-16
 -1        93 4.77152E+00 7.18207E-02-1.42936E-02-9.68106E-01-1.84228E-15-2.24820E-15
 -1        94 3.32664E+00 1.77614E-02-1.07799E-03 1.43073E-02 1.95156E-17 1.15359E-16
 -1        95 6.02951E-01-1.47866E+00-5.68137E-02 2.57593E-01 1.38778E-16-5.55112E-17
 -1        96 6.93114E+00 7.08161E-01 6.32349E-03 1.02619E+00-5.55112E-17-2.77556E-16
 -1        97 3.69331E+00-1.22153E-01-7.04705E-03-2.51188E-01-5.14102E-16-1.88044E-15
 -1        98 4.10308E+00-1.97998E-01 5.62614E-03-4.37946E-02-1.56125E-16-1.81279E-16
 -1        99 3.30577E+00 1.71385E-01 4.27077E-04-4.35827E-02 2.42861E-17-1.82146E-16
 -1       100 7.35873E+00 8.93967E-01 2.51316E-02-1.58779E-01 6.59195E-16 2.74780E-15
 -1       101 3.30688E+00 6.42688E-01-3.56018E-03-2.18033E-01-1.70220E-17 3.29597E-17
 -1       102 3.30529E+00 6.63980E-01-4.27138E-03 2.32873E-01-2.42861E-17-8.06646E-17
 -1       103 3.43531E+00 2.51186E-01 1.12542E-02 6.11793E-01 7.63278E-17-2.60902E-15
 -1       104 3.07206E+00 8.94577E-01 8.71916E-03-3.76159E-01-4.79651E-16-2.00881E-15
 -1       105 3.98810E+00 3.36174E-02 3.02455E-03-1.28225E-01-3.64292E-16 4.73580E-16
 -1       106 3.97954E+00 1.10919E-01-2.91115E-03 3.73706E-01-3.22659E-16-1.45370E-15
 -1       107 3.36026E+00-3.11435E-02-5.48372E-04 1.19943E-01-1.18308E-15-1.64408E-15
 -1       108 3.42990E+00 1.82298E-01-4.19445E-03 1.90321E-01 1.17094E-17 7.54605E-17
 -1       109 3.42197E+00 1.70487E-01-5.02562E-03-1.81593E-01 1.24033E-16-7.15573E-17
 -1       110 1.79089E+00-9.61350E-01-3.54075E-03 9.06806E-01-2.56739E-16 3.01842E-16
 -1       111 2.90223E+00-9.99069E-01-2.47503E-02 1.05143E+00 2.28983E-16 2.83194E-16
 -1       112 4.34226E+00-5.67668E-01 2.51290E-02 7.49392E-01-2.08167E-17 2.77556E-17
 -1       113 3.72698E+00-8.41813E-01 1.45965E-03 7.45713E-01 2.55872E-16-6.52947E-16
 -1       114 4.44225E+00-5.19474E-01-7.49542E-03 1.55679E-01-2.25514E-17 7.11237E-17
 -1       115 2.50337E+00-6.29695E-01 3.02381E-03 7.83689E-01-3.46945E-18-1.70697E-15
 -1       116 3.56466E+00-5.55481E-01 3.17818E-03 4.86948E-01-5.74898E-17-6.23091E-16
 -1       117 2.66964E+00-1.70422E-01-6.65688E-04 4.66299E-01 6.50521E-18-8.93383E-17
 -1       118 3.24286E+00-1.91163E-01 2.84223E-03 3.73129E-01-2.01662E-16-2.72785E-16
 -1       119 2.89475E+00 4.05315E-02-9.17654E-04 2.30191E-01-4.87078E-17 6.41414E-16
 -1       120 3.21671E+00 5.34033E-04-9.97238E-04 2.41306E-01-1.14925E-16-2.70617E-16
 -1       121 3.08114E+00 1.05139E-01 2.75753E-04 1.12535E-01-2.20364E-17 1.83013E-16
 -1       122 3.25777E+00 6.61952E-02-2.85544E-04 1.55816E-01 1.53957E-17-5.01118E-16
 -1       123 3.20410E+00 1.09232E-01 1.55345E-04 5.78664E-02 7.25602E-17-5.49040E-16
 -1       124 3.31019E+00 7.39468E-02-1.49856E-04 1.04913E-01-4.57533E-17-7.72223E-16
 -1       125 3.29563E+00 8.87374E-02 1.86969E-04 3.01764E-02-5.08220E-18-1.41597E-15
 -1       126 3.24680E+00 1.07659E-01-7.69701E-04-5.02647E-02 2.90566E-17-3.21466E-16
 -1       127 3.33163E+00 7.93933E-02 9.07896E-05-4.10346E-02-2.36356E-17-8.65735E-16
 -1       128 3.36324E+00 6.91080E-02-1.18157E-04 1.60067E-02 9.28213E-17 2.74466E-16
 -1       129 3.38857E+00 6.40900E-02-8.49903E-05-3.04986E-02-4.11455E-17 5.49148E-16
 -1       130 3.41019E+00 7.15072E-02-5.27243E-05 8.57070E-03 1.95156E-18-9.20488E-17
 -1       131 3.42553E+00 8.24318E-02 1.21959E-04-1.55701E-02-4.64581E-17 5.49257E-16
 -1       132 3.43485E+00 1.17972E-01-1.17935E-04 3.60429E-03 2.28089E-17-3.41198E-16
 -1       133 3.43796E+00 1.56076E-01-2.40674E-04 6.84599E-03 5.43185E-17-8.82541E-17
 -1       134 2.53799E+00 5.58453E-02 2.28143E-04 4.22083E-03 5.29091E-17 9.11597E-16
 -1       135 3.42591E+00 7.57407E-02 3.03932E-05 2.42964E-02 1.04897E-16-6.16803E-16
 -1       136 3.43413E+00 1.46499E-01-1.65964E-04-7.19805E-03 4.68375E-17 1.84965E-16
 -1       137 3.40863E+00 4.98676E-02-1.85363E-04-5.12574E-02-3.79471E-19 4.72712E-17
 -1       138 3.46543E+00-1.42999E-01 1.69037E-03 2.14173E-01-2.14238E-16 3.65593E-16
 -1       139 3.34110E+00 8.15047E-02-2.52927E-05-1.06391E-01 2.80266E-17-1.38995E-16
 -1       140 3.28259E+00 1.13108E-01 6.72568E-04-1.43162E-01-2.92735E-17 5.94576E-16
 -1       141 4.07587E+00-4.95764E-01 2.17031E-03 3.29685E-02-7.34005E-17 8.78637E-16
 -1       142 4.23475E+00-1.73329E-01-3.45975E-03-2.97545E-01-3.37404E-16 9.36751E-17
 -1       143 1.77762E+00-2.33606E-01-6.64367E-03 1.81486E-01 9.15067E-17-6.59195E-17
 -1       144 2.53275E+00-2.00945E-01 5.51429E-03-4.38985E-01 3.46945E-17-3.07046E-16
 -1       145 3.00234E+00 3.70310E-03-1.41831E-03-3.00104E-01-5.89806E-17 6.38161E-16
 -1       146 2.28411E+00-1.01641E+00-1.19622E-02-8.43076E-01 6.45317E-16 9.93563E-16
 -1       147 2.40421E+00-9.19167E-01 2.67153E-02-8.87292E-01 4.99600E-16 6.45317E-16
 -1       148 3.55496E+00-1.02117E+00-2.27934E-02-6.83894E-01 5.34295E-16 1.25594E-15
 -1       149 5.65076E+00 2.27935E-01-1.60664E-02 9.40260E-01 1.06859E-15-2.07473E-15
 -1       150 5.72507E+00 2.74659E-01 6.06154E-04 2.86270E-01-4.47559E-16 3.59782E-15
 -1       151 6.05065E+00 8.51832E-01 2.33747E-02 1.73217E-01-2.42861E-16 2.31065E-15
 -1       152 4.90449E+00-3.74333E-01 2.23717E-03 6.07412E-01 1.26635E-16 2.35229E-15
 -1       153 1.40464E+00-1.29361E+00-6.66169E-02 7.92427E-01 1.52656E-16-1.90820E-16
 -1       154 3.09635E+00-8.66820E-01 1.47974E-03 1.17732E+00-3.88578E-16 3.71231E-16
 -1       155 2.00150E+00-6.84862E-01-1.30294E-04 9.84782E-01-3.90746E-16 1.06339E-15
 -1       156 1.58888E+00-2.92527E-01 6.45165E-03 3.74960E-01-1.64799E-16-1.56125E-15
 -1       157 1.48287E+00-1.26260E+00-5.52277E-02-8.32383E-01-2.04697E-16-5.20417E-16
 -1       158 3.06755E+00-8.85954E-01 6.33918E-03-1.28605E+00-8.29198E-16-2.19443E-15
 -1       159 4.27233E+00-7.03803E-01 3.39079E-03-1.05710E+00 9.50628E-16 7.35523E-16
 -1       160 3.65698E+00-6.28132E-01 8.26593E-03-1.11494E+00-2.81025E-16-7.38992E-16
 -1       161 4.48391E+00-5.39913E-01-4.70025E-03-5.45238E-01 8.67362E-16 1.45023E-15
 -1       162 2.12120E+00-7.32760E-01-2.81896E-03-1.10387E+00-5.48173E-16-5.48173E-16
 -1       163 6.41742E+00 4.80429E-01-1.39043E-02-7.01698E-01-3.81639E-16-3.78170E-16
 -1       164 5.46515E+00-6.63725E-02 1.55204E-02-1.03766E-01-1.43375E-15-1.48145E-15
 -1       165 5.66899E+00 5.00407E-01-5.28972E-03 2.63653E-01-1.04083E-17 1.48026E-15
 -1       166 5.65465E+00 9.75278E-01 9.98920E-03 2.67724E-01 2.01228E-16 2.65673E-15
 -1       167 3.15623E-01-1.85365E+00-6.12143E-02-1.45423E-01-2.29851E-16-1.43635E-15
 -1       168 6.83021E+00 1.07662E+00-3.36846E-02-5.46567E-01 5.13478E-16 1.95677E-15
 -1       169 6.00180E+00 8.89984E-01 4.69020E-02-1.77949E-01-4.33681E-16-6.55725E-16
 -1       170 5.78123E+00 1.00843E+00-2.13268E-02-7.53094E-02-1.94289E-16-1.09288E-15
 -1       171 5.01142E+00 5.86294E-01 1.29238E-02 3.44602E-02 2.25514E-16-9.02056E-17
 -1       172 4.62569E+00 7.50103E-01 1.02306E-03-1.63738E-01-1.59595E-16 3.86843E-16
 -1       173 7.60610E+00 8.07672E-01-1.73381E-02 2.96393E-01-2.39392E-16 3.59088E-15
 -1       174 6.00874E+00 7.60803E-01 1.56452E-02-5.06194E-02-1.35308E-16 1.08594E-15
 -1       175 3.42446E+00 7.24666E-02-6.71958E-04 1.59107E-02 1.19262E-16 6.46184E-17
 -1       176 3.42749E+00 1.59048E-01-6.27652E-04-4.21856E-02 3.88144E-17 4.89409E-16
 -1       177 3.41463E+00 2.89648E-01-8.54411E-05-5.24038E-02-2.00306E-17-2.42861E-17
 -1       178 3.41130E+00 4.03454E-02-2.10816E-04 5.49998E-02 1.70816E-16 3.63343E-16
 -1       179 3.40850E+00 5.93683E-02-7.51148E-04-1.51831E-01 8.45678E-18 1.27670E-15
 -1       180 3.37647E+00 3.95524E-02-2.76440E-04 1.44732E-01-9.10730E-18 4.16178E-16
 -1       181 3.38407E+00 4.33952E-02-2.27232E-04 1.09939E-01-1.13299E-16-1.34328E-16
 -1       182 5.31706E+00 8.97972E-02 3.82354E-03-4.39815E-01 1.19089E-15 1.11022E-15
 -1       183 4.01367E+00 3.38729E-01 8.71164E-04 7.41302E-02 6.85216E-16 2.58214E-15
 -1       184 4.85419E+00-1.57026E-01 6.95080E-03 2.99975E-01-2.14238E-16 6.48787E-16
 -1       185 2.91786E+00 1.16716E-01-5.31544E-04-5.25634E-02-3.25803E-17 3.69605E-16
 -1       186 3.21715E+00 8.48144E-02-3.61291E-03-2.20339E-01-8.23994E-18 7.83444E-16
 -1       187 2.51677E+00 6.93610E-02-1.83500E-03 6.46770E-01 3.90313E-17-2.56392E-15
 -1       188 5.44485E-01-1.65753E+00-7.62081E-02-3.84417E-01-6.34909E-16-8.98587E-16
 -1       189 1.15269E+00-9.04275E-01-1.83662E-02-6.24099E-01 8.54351E-17-1.58033E-15
 -1       190 3.38480E+00 2.74396E-02 4.24208E-04 4.54588E-02-9.75782E-18-6.26574E-16
 -1       191 3.40184E+00 3.26328E-01-2.53816E-03-1.30883E-01-3.18213E-17 2.42861E-16
 -1       192 3.41791E+00 1.53776E-01 2.72261E-03-8.30398E-02 8.32667E-17 2.94252E-16
 -1       193 3.92657E+00-2.88820E-01 1.21094E-02-7.11129E-01-5.75928E-16-1.09922E-15
 -1       194 3.39077E+00-8.90543E-03-6.21910E-04 1.85948E-01-4.95751E-17-3.62178E-16
 -1       195 3.55821E+00-6.89179E-02-4.24949E-04 1.19293E-01 2.81893E-18 4.56395E-16
 -1       196 3.12656E+00 1.28298E-01-8.83065E-04-5.79841E-02 4.68375E-17 6.39679E-16
 -1       197 3.35812E+00 6.18659E-02-5.40137E-05 7.18800E-02-3.40168E-17-5.89914E-16
 -1       198 3.39586E+00 3.70996E-02-2.77750E-04 8.11552E-02-8.16133E-17 2.32263E-16
 -1       199 3.41249E+00 1.91598E-02 3.56061E-04 8.96672E-02-1.04083E-17-1.14221E-16
 -1       200 3.38016E+00 5.52902E-02-5.37585E-05-7.78240E-02 4.43506E-18-7.31484E-16
 -1       201 3.39852E+00 2.91754E-02 3.18029E-05-8.02484E-02 2.61293E-17-2.73653E-16
 -1       202 3.39059E+00 3.47535E-02 1.40652E-04-4.78614E-02-5.65954E-17-1.35959E-16
 -1       203 3.42703E+00 8.33393E-02-6.37804E-04-1.42872E-02-1.42573E-17 4.83148E-17
 -1       204 3.43025E+00 1.81222E-01-1.07846E-03 3.95974E-02 1.74014E-17 4.66207E-17
 -1       205 3.41568E+00 3.16784E-01 1.61314E-03 3.68849E-02 8.86335E-17-1.12757E-16
 -1       206 3.37409E+00 3.96781E-01-1.78961E-03 1.22548E-01 7.86047E-18-2.77556E-17
 -1       207 3.41842E+00 1.78666E-01 3.00882E-03 8.83311E-02-1.30104E-17-9.58435E-17
 -1       208 3.39718E+00 5.45251E-02-7.24760E-05 4.74904E-02 1.26337E-16 4.57750E-16
 -1       209 3.42713E+00 2.33030E-01 1.89153E-04-2.63186E-03 1.35417E-16-4.54281E-16
 -1       210 3.36955E+00 4.09118E-01-2.11709E-03-1.00688E-02 3.82723E-17-2.60425E-16
 -1       211 5.03664E+00 1.21113E-01 7.22094E-03-2.63194E-02-5.63785E-16 3.82073E-15
 -1       212 4.81534E+00 6.22067E-01 1.01039E-03 3.91555E-02-9.36751E-17 1.25247E-15
 -1       213 4.40900E+00-3.79893E-01-5.52457E-03 1.77727E-01-1.87350E-16-7.25982E-16
 -1       214 3.77675E+00-1.31043E-01 7.39764E-04 5.88608E-02-1.69651E-16 6.25693E-16
 -1       215 4.01358E+00-6.29434E-01-6.80301E-03 8.21781E-01-2.56739E-16-1.86830E-15
 -1       216 3.32378E+00-6.77881E-01-1.94919E-03-6.26154E-01-1.47451E-16-3.09431E-16
 -1       217 4.34594E+00-6.97230E-01 1.65753E-02-1.59478E-01-2.54137E-16 5.34295E-16
 -1       218 4.24401E+00-2.85506E-01-2.13723E-03 2.20501E-01-2.72352E-16 8.57495E-16
 -1       219 3.34439E+00 5.25757E-01 4.99176E-03-9.50548E-02-3.87873E-17 4.94396E-17
 -1       220 3.37166E+00 9.20888E-02-9.16763E-05-2.06059E-01 2.86229E-17-1.36913E-15
 -1       221 3.57163E+00 2.54443E-02-5.42401E-04-1.37875E-01 5.29904E-17 8.21066E-16
 -1       222 3.85713E+00-6.86097E-02-4.22398E-03-1.88727E-01 1.22298E-16 1.46216E-15
 -1       223 3.47096E+00 9.15894E-03 1.62960E-04 7.00789E-02-1.19737E-16-6.37619E-16
 -1       224 3.37657E+00 6.62916E-02 1.07219E-03 1.21400E-01-5.49040E-16-1.27914E-15
 -1       225 3.83837E+00-5.85194E-02 2.81628E-03 6.39238E-02-2.69262E-16-1.10112E-15
 -1       226 3.58249E+00-4.74340E-02-1.52474E-04-2.16514E-01-3.79471E-18 6.37728E-16
 -1       227 5.12722E+00 8.18853E-02-6.24684E-02 8.71398E-01-4.96131E-16 2.08167E-17
 -1       228 5.33981E+00-2.05453E-02-6.38152E-03 1.10521E-01 1.83881E-16-3.08781E-16
 -1       229 4.94544E+00 3.74139E-01 7.77185E-03-2.93729E-01-2.53270E-16 2.86229E-16
 -1       230 4.40067E+00-5.86957E-02-2.49066E-02-1.18533E+00-1.52656E-16-1.76248E-15
 -1       231 6.81002E+00 1.08211E+00-4.99993E-02 1.45967E-01 1.63064E-16 1.52309E-15
 -1       232 3.26864E+00 6.90891E-01-1.21836E-03 1.18659E-01-1.82959E-18-6.33174E-17
 -1       233 8.26676E-01-7.63932E-01 8.27391E-03 1.46918E-04-2.77556E-17-1.84748E-16
 -1       234 3.51009E+00-2.36941E-01 2.45908E-03-3.63685E-01-8.25078E-17 1.49620E-16
 -1       235 3.69890E+00-6.95994E-02-1.89464E-04 4.88282E-03 2.67581E-16-5.46167E-16
 -1       236 2.97416E+00 9.35465E-01 2.79322E-03 2.13824E-01-2.19443E-16-2.56739E-15
 -1       237 3.39909E+00 6.12720E-01 1.72255E-03-3.59256E-01 3.90313E-17-1.36176E-16
 -1       238 3.40221E+00 6.25755E-01 2.53506E-03 3.59860E-01 9.97466E-18 6.50521E-18
 -1       239 3.49511E+00-9.49314E-02-2.84880E-03 2.77345E-02-9.24526E-16-1.45934E-15
 -1       240 4.71161E+00 5.47604E-01 1.14767E-02 3.88504E-01 1.40513E-16-7.45931E-17
 -1       241 1.08616E+00-8.19036E-01-1.87848E-02 6.57772E-01 9.36751E-17-6.97359E-16
 -1       242 3.59188E+00 2.26659E-02-9.58703E-03 2.99771E-01 7.65447E-16-1.64799E-15
 -1       243 3.68071E+00-1.85140E-01 1.27043E-03 2.71963E-02-3.57787E-17 6.37809E-16
 -1       244 3.48333E+00 2.38214E-02-4.86474E-04-1.00883E-01 4.51028E-17 6.39137E-16
 -1       245 3.32652E+00 4.34273E-02 1.43019E-04 3.70228E-02-8.93383E-17-3.12467E-16
 -1       246 3.80896E+00 3.65420E-01 3.08527E-03-2.25201E-01-1.65883E-16 1.17961E-15
 -1       247 3.41710E+00 6.94573E-02 1.11035E-03-1.95992E-01-4.46691E-17 9.86148E-16
 -1       248 3.36689E+00 1.06032E-02 1.26199E-04-5.41396E-02-5.01986E-17-1.78731E-16
 -1       249 3.31963E+00 7.77896E-03 5.79502E-04-3.71669E-02-1.16877E-16 1.73472E-18
 -1       250 3.40305E+00 4.16756E-02 1.93781E-04-1.10877E-01 5.23670E-17 9.10567E-16
 -1       251 3.42233E+00 8.84201E-02 1.14160E-03 4.81447E-03-3.90313E-17 3.03577E-17
 -1       252 4.49225E+00-3.24316E-02-1.05840E-03-7.73161E-03 1.29063E-15 1.89952E-15
 -1       253 3.88202E+00-2.27807E-01 4.20415E-03-1.70701E-01 1.51138E-16 2.37007E-16
 -1       254 3.45890E+00-4.56740E-03 5.45589E-03-3.08526E-01 5.55112E-17 2.51600E-15
 -1       255 3.74807E+00 3.07237E-01 1.60349E-03 8.35962E-02-3.01842E-16 5.47305E-16
 -1       256 2.36529E+00 2.69072E-01 2.34067E-03-1.28569E-01-1.12757E-17-2.55655E-15
 -1       257 2.90135E+00-3.75460E-02-7.17758E-04-8.68038E-01-1.38561E-16-4.70977E-16
 -1       258 3.40441E+00 3.89350E-01 1.64846E-03 2.20212E-01-2.75387E-17-1.37477E-16
 -1       259 3.63022E+00-1.71191E-02 5.23640E-04 6.71404E-02 2.44162E-16 1.27459E-15
 -1       260 1.48459E+00-4.57899E-01 9.33588E-03-4.39708E-01 4.85723E-17-1.59595E-16
 -1       261 3.66484E+00-3.94864E-01-7.26713E-03 1.80947E-01-3.15720E-16 7.26849E-16
 -1       262 3.48261E+00-3.24213E-04 4.36299E-05 1.34720E-01-4.13081E-17 1.37063E-15
 -1       263 3.10302E+00-3.84575E-01 7.70420E-03 1.04912E+00-5.30825E-16 3.46945E-18
 -1       264 3.44098E+00 2.03545E-02-6.44627E-05 1.17229E-01-1.23057E-16 8.21283E-16
 -1       265 3.44713E+00 3.04738E-01-4.64062E-03-5.50360E-01-5.62918E-16-2.73739E-15
 -1       266 3.41663E+00 4.19759E-03-2.42473E-04 5.36543E-02 1.22860E-16-5.98154E-16
 -1       267 3.39995E+00 2.26636E-02 2.09602E-04 7.16532E-02-7.49184E-17 3.88788E-16
 -1       268 3.31515E+00 5.43049E-03 4.61629E-04 3.51096E-02 0.00000E+00-1.09461E-15
 -1       269 3.41318E+00 7.20076E-02 2.13666E-04-2.00000E-03 1.78026E-16 2.42644E-16
 -1       270 3.33695E+00 5.01364E-01 1.44149E-03 5.82203E-02 2.27140E-17 6.24500E-17
 -1       271 3.31748E+00 3.56740E-02-3.72673E-04-3.15476E-02 1.39645E-16 2.07083E-16
 -1       272 3.23385E+00 7.38881E-01-7.08614E-03-1.15195E-01-1.11876E-17 1.73472E-17
 -1       273 4.16828E+00-3.30783E-01-3.69565E-03-2.47411E-01-4.31784E-16-2.63851E-15
 -1       274 5.89886E+00 1.09446E+00 7.36321E-03-1.62266E-01 1.73472E-16-9.19403E-16
 -1       275 4.58078E+00-6.44324E-01-2.37875E-03-3.60078E-01 1.42247E-16 1.40339E-15
 -1       276 4.09806E+00-8.29118E-01-8.58057E-03 1.07648E+00 7.45064E-16 1.56125E-15
 -1       277 3.99774E+00-5.43022E-01-3.50968E-03-2.05433E-01-4.26742E-16-1.21431E-17
 -1       278 4.17720E+00 3.13513E-01-3.02836E-03-3.81845E-01-6.36644E-16 1.85919E-15
 -1       279 1.85374E+00-9.08972E-01 2.99302E-02 9.83884E-01-2.13371E-16-6.86950E-16
 -1       280 3.41368E+00 3.70309E-01 2.12155E-03-2.18770E-01-1.49620E-17 8.19657E-17
 -1       281 1.51595E+00-4.13969E-01-7.46276E-03-4.23346E-01 1.73472E-16-5.41234E-16
 -1       282 3.63362E+00 5.24534E-01-4.59358E-03-4.44818E-01 1.04083E-16-7.80626E-17
 -1       283 3.35846E+00-4.33500E-02 1.05673E-03 6.87810E-02-6.00648E-17 4.34982E-16
 -1       284 3.64209E+00 5.34494E-01-4.08290E-03 4.50092E-01 2.51535E-17 6.93889E-17
 -1       285 3.51244E+00-7.29066E-03 7.86858E-04 7.68249E-02-6.98226E-16 2.61987E-15
 -1       286 5.61232E+00 9.57314E-01-2.29834E-02 1.59629E-01 2.91434E-16 1.60462E-15
 -1       287 7.99724E-01-1.34966E+00-4.38401E-02 5.59907E-01-5.27356E-16-4.64906E-16
 -1       288 4.19496E+00 1.66980E-01 1.46837E-02 1.31569E+00-9.02056E-17 1.12410E-15
 -1       289 4.51131E+00 1.79323E-02 1.29613E-02 1.37759E+00 1.05471E-15-3.46945E-16
 -1       290 3.19218E+00-6.07730E-01-2.93591E-02-8.72140E-01-9.85323E-16 5.27356E-16
 -1       291 8.20382E+00 9.13420E-01 7.58155E-02 7.58399E-01 2.08167E-16 1.31839E-15
 -1       292 5.52116E+00 5.69886E-01-3.51066E-05-1.43741E+00-1.83881E-16-2.70617E-15
 -1       293 7.75949E+00 1.05855E+00 4.49629E-02-3.41950E-01-1.38778E-17 1.25421E-15
 -1       294 3.81989E+00 3.19221E-02 7.33939E-06-3.41661E-01 8.67362E-17-2.09988E-15
 -1       295 3.96523E+00-2.43651E-01 2.92682E-03 4.28884E-01 4.15466E-16-2.63331E-15
 -1       296 2.12363E+00-6.30632E-01-1.48479E-02-7.52672E-01-6.93889E-17-1.31145E-15
 -3
    1PSTEP                         3           1           1          
  100CL  101 1.000000000         296                     0    1           1
 -4  ERROR       1    1
 -5  STR(%)      1    1    0    0
 -1         1 0.00000E+00
 -1         2 0.00000E+00
 -1         3 0.00000E+00
 -1         4 0.00000E+00
 -1         5 0.00000E+00
 -1         6 0.00000E+00
 -1         7 0.00000E+00
 -1         8 0.00000E+00
 -1         9 0.00000E+00
 -1        10 0.00000E+00
 -1        11 0.00000E+00
 -1        12 0.00000E+00
 -1        13 0.00000E+00
 -1        14 0.00000E+00
 -1        15 0.00000E+00
 -1        16 0.00000E+00
 -1        17 0.00000E+00
 -1        18 0.00000E+00
 -1        19 0.00000E+00
 -1        20 0.00000E+00
 -1        21 0.00000E+00
 -1        22 0.00000E+00
 -1        23 0.00000E+00
 -1        24 0.00000E+00
 -1        25 0.00000E+00
 -1        26 0.00000E+00
 -1        27 0.00000E+00
 -1        28 0.00000E+00
 -1        29 0.00000E+00
 -1        30 0.00000E+00
 -1        31 0.00000E+00
 -1        32 0.00000E+00
 -1        33 0.00000E+00
 -1        34 0.00000E+00
 -1        35 0.00000E+00
 -1        36 0.00000E+00
 -1        37 0.00000E+00
 -1        38 0.00000E+00
 -1        39 0.00000E+00
 -1        40 0.00000E+00
 -1        41 0.00000E+00
 -1        42 0.00000E+00
 -1        43 0.00000E+00
 -1        44 0.00000E+00
 -1        45 0.00000E+00
 -1        46 0.00000E+00
 -1        47 0.00000E+00
 -1        48 0.00000E+00
 -1        49 0.00000E+00
 -1        50 0.00000E+00
 -1        51 0.00000E+00
 -1        52 0.00000E+00
 -1        53 0.00000E+00
 -1        54 0.00000E+00
 -1        55 0.00000E+00
 -1        56 0.00000E+00
 -1        57 0.00000E+00
 -1        58 0.00000E+00
 -1        59 0.00000E+00
 -1        60 0.00000E+00
 -1        61 0.00000E+00
 -1        62 0.00000E+00
 -1        63 0.00000E+00
 -1        64 0.00000E+00
 -1        65 0.00000E+00
 -1        66 0.00000E+00
 -1        67 0.00000E+00
 -1        68 0.00000E+00
 -1        69 0.00000E+00
 -1        70 0.00000E+00
 -1        71 0.00000E+00
 -1        72 0.00000E+00
 -1        73 0.00000E+00
 -1        74 0.00000E+00
 -1        75 0.00000E+00
 -1        76 0.00000E+00
 -1        77 0.00000E+00
 -1        78 0.00000E+00
 -1        79 0.00000E+00
 -1        80 0.00000E+00
 -1        81 0.00000E+00
 -1        82 0.00000E+00
 -1        83 0.00000E+00
 -1        84 0.00000E+00
 -1        85 0.00000E+00
 -1        86 0.00000E+00
 -1        87 0.00000E+00
 -1        88 0.00000E+00
 -1        89 0.00000E+00
 -1        90 0.00000E+00
 -1        91 0.00000E+00
 -1        92 0.00000E+00
 -1        93 0.00000E+00
 -1        94 0.00000E+00
 -1        95 0.00000E+00
 -1        96 0.00000E+00
 -1        97 0.00000E+00
 -1        98 0.00000E+00
 -1        99 0.00000E+00
 -1       100 0.00000E+00
 -1       101 0.00000E+00
 -1       102 0.00000E+00
 -1       103 0.00000E+00
 -1       104 0.00000E+00
 -1       105 0.00000E+00
 -1       106 0.00000E+00
 -1       107 0.00000E+00
 -1       108 0.00000E+00
 -1       109 0.00000E+00
 -1       110 0.00000E+00
 -1       111 0.00000E+00
 -1       112 0.00000E+00
 -1       113 0.00000E+00
 -1       114 0.00000E+00
 -1       115 0.00000E+00
 -1       116 0.00000E+00
 -1       117 0.00000E+00
 -1       118 0.00000E+00
 -1       119 0.00000E+00
 -1       120 0.00000E+00
 -1       121 0.00000E+00
 -1       122 0.00000E+00
 -1       123 0.00000E+00
 -1       124 0.00000E+00
 -1       125 0.00000E+00
 -1       126 0.00000E+00
 -1       127 0.00000E+00
 -1       128 0.00000E+00
 -1       129 0.00000E+00
 -1       130 0.00000E+00
 -1       131 0.00000E+00
 -1       132 0.00000E+00
 -1       133 0.00000E+00
 -1       134 0.00000E+00
 -1       135 0.00000E+00
 -1       136 0.00000E+00
 -1       137 0.00000E+00
 -1       138 0.00000E+00
 -1       139 0.00000E+00
 -1       140 0.00000E+00
 -1       141 0.00000E+00
 -1       142 0.00000E+00
 -1       143 0.00000E+00
 -1       144 0.00000E+00
 -1       145 0.00000E+00
 -1       146 0.00000E+00
 -1       147 0.00000E+00
 -1       148 0.00000E+00
 -1       149 0.00000E+00
 -1       150 0.00000E+00
 -1       151 0.00000E+00
 -1       152 0.00000E+00
 -1       153 0.00000E+00
 -1       154 0.00000E+00
 -1       155 0.00000E+00
 -1       156 0.00000E+00
 -1       157 0.00000E+00
 -1       158 0.00000E+00
 -1       159 0.00000E+00
 -1       160 0.00000E+00
 -1       161 0.00000E+00
 -1       162 0.00000E+00
 -1       163 0.00000E+00
 -1       164 0.00000E+00
 -1       165 0.00000E+00
 -1       166 0.00000E+00
 -1       167 0.00000E+00
 -1       168 0.00000E+00
 -1       169 0.00000E+00
 -1       170 0.00000E+00
 -1       171 0.00000E+00
 -1       172 0.00000E+00
 -1       173 0.00000E+00
 -1       174 0.00000E+00
 -1       175 0.00000E+00
 -1       176 0.00000E+00
 -1       177 0.00000E+00
 -1       178 0.00000E+00
 -1       179 0.00000E+00
 -1       180 0.00000E+00
 -1       181 0.00000E+00
 -1       182 0.00000E+00
 -1       183 0.00000E+00
 -1       184 0.00000E+00
 -1       185 0.00000E+00
 -1       186 0.00000E+00
 -1       187 0.00000E+00
 -1       188 0.00000E+00
 -1       189 0.00000E+00
 -1       190 0.00000E+00
 -1       191 0.00000E+00
 -1       192 0.00000E+00
 -1       193 0.00000E+00
 -1       194 0.00000E+00
 -1       195 0.00000E+00
 -1       196 0.00000E+00
 -1       197 0.00000E+00
 -1       198 0.00000E+00
 -1       199 0.00000E+00
 -1       200 0.00000E+00
 -1       201 0.00000E+00
 -1       202 0.00000E+00
 -1       203 0.00000E+00
 -1       204 0.00000E+00
 -1       205 0.00000E+00
 -1       206 0.00000E+00
 -1       207 0.00000E+00
 -1       208 0.00000E+00
 -1       209 0.00000E+00
 -1       210 0.00000E+00
 -1       211 0.00000E+00
 -1       212 0.00000E+00
 -1       213 0.00000E+00
 -1       214 0.00000E+00
 -1       215 0.00000E+00
 -1       216 0.00000E+00
 -1       217 0.00000E+00
 -1       218 0.00000E+00
 -1       219 0.00000E+00
 -1       220 0.00000E+00
 -1       221 0.00000E+00
 -1       222 0.00000E+00
 -1       223 0.00000E+00
 -1       224 0.00000E+00
 -1       225 0.00000E+00
 -1       226 0.00000E+00
 -1       227 0.00000E+00
 -1       228 0.00000E+00
 -1       229 0.00000E+00
 -1       230 0.00000E+00
 -1       231 0.00000E+00
 -1       232 0.00000E+00
 -1       233 0.00000E+00
 -1       234 0.00000E+00
 -1       235 0.00000E+00
 -1       236 0.00000E+00
 -1       237 0.00000E+00
 -1       238 0.00000E+00
 -1       239 0.00000E+00
 -1       240 0.00000E+00
 -1       241 0.00000E+00
 -1       242 0.00000E+00
 -1       243 0.00000E+00
 -1       244 0.00000E+00
 -1       245 0.00000E+00
 -1       246 0.00000E+00
 -1       247 0.00000E+00
 -1       248 0.00000E+00
 -1       249 0.00000E+00
 -1       250 0.00000E+00
 -1       251 0.00000E+00
 -1       252 0.00000E+00
 -1       253 0.00000E+00
 -1       254 0.00000E+00
 -1       255 0.00000E+00
 -1       256 0.00000E+00
 -1       257 0.00000E+00
 -1       258 0.00000E+00
 -1       259 0.00000E+00
 -1       260 0.00000E+00
 -1       261 0.00000E+00
 -1       262 0.00000E+00
 -1       263 0.00000E+00
 -1       264 0.00000E+00
 -1       265 0.00000E+00
 -1       266 0.00000E+00
 -1       267 0.00000E+00
 -1       268 0.00000E+00
 -1       269 0.00000E+00
 -1       270 0.00000E+00
 -1       271 0.00000E+00
 -1       272 0.00000E+00
 -1       273 0.00000E+00
 -1       274 0.00000E+00
 -1       275 0.00000E+00
 -1       276 0.00000E+00
 -1       277 0.00000E+00
 -1       278 0.00000E+00
 -1       279 0.00000E+00
 -1       280 0.00000E+00
 -1       281 0.00000E+00
 -1       282 0.00000E+00
 -1       283 0.00000E+00
 -1       284 0.00000E+00
 -1       285 0.00000E+00
 -1       286 0.00000E+00
 -1       287 0.00000E+00
 -1       288 0.00000E+00
 -1       289 0.00000E+00
 -1       290 0.00000E+00
 -1       291 0.00000E+00
 -1       292 0.00000E+00
 -1       293 0.00000E+00
 -1       294 0.00000E+00
 -1       295 0.00000E+00
 -1       296 0.00000E+00
 -3
 9999
